HaskellTokenType.module ('module')
WHITE_SPACE (' ')
HaskellTokenType.conidRegexp ('Pragma00004')
WHITE_SPACE (' ')
WHITE_SPACE (' ')
HaskellTokenType.{-# ('{-#')
HaskellTokenType.PRAGMA (' WARNING "This is an unstable interface." ')
HaskellTokenType.#-} ('#-}')
WHITE_SPACE (' ')
HaskellTokenType.where ('where')
HaskellTokenType.Synthetic leftbrace ('')
HaskellTokenType.Synthetic rightbrace ('')