Haskell File
  HaskellShebangImpl(SHEBANG)
    PsiElement(HaskellTokenType.Synthetic shebang start "#!")('#!')
    PsiElement(HaskellTokenType.Synthetic shebang path)('/usr/bin/env runhaskell')
  HaskellModuledeclImpl(MODULEDECL)
    PsiElement(HaskellTokenType.module)('module')
    HaskellQconidImpl(QCONID)
      HaskellConidImpl(CONID)
        PsiElement(HaskellTokenType.conidRegexp)('Comment00007')
    PsiElement(HaskellTokenType.where)('where')
  HaskellBodyImpl(BODY)
    HaskellFunorpatdeclImpl(FUNORPATDECL)
      HaskellPatImpl(PAT)
        HaskellVaridImpl(VARID)
          PsiElement(HaskellTokenType.varidRegexp)('main')
      HaskellRhsImpl(RHS)
        PsiElement(HaskellTokenType.=)('=')
        HaskellExpImpl(EXP)
          HaskellQvarImpl(QVAR)
            HaskellQvaridImpl(QVARID)
              HaskellVaridImpl(VARID)
                PsiElement(HaskellTokenType.varidRegexp)('putStrLn')
          HaskellPstringtokenImpl(PSTRINGTOKEN)
            PsiElement(HaskellTokenType.")('"')
            PsiElement(HaskellTokenType.STRINGTOKEN)('shebang!')
            PsiElement(HaskellTokenType.")('"')