Haskell File
  PsiElement(HaskellTokenType.module)('module')
  HaskellQconidImpl(QCONID)
    PsiElement(HaskellTokenType.conid)('Fun00006')
  PsiElement(HaskellTokenType.where)('where')
  HaskellBodyImpl(BODY)
    HaskellQvaridImpl(QVARID)
      HaskellVaridImpl(VARID)
        PsiElement(HaskellTokenType.varidRegexp)('rev')
    HaskellReservedopImpl(RESERVEDOP)
      PsiElement(HaskellTokenType.::)('::')
    HaskellSpecialImpl(SPECIAL)
      PsiElement(HaskellTokenType.[)('[')
    HaskellQvaridImpl(QVARID)
      HaskellVaridImpl(VARID)
        PsiElement(HaskellTokenType.varidRegexp)('a')
    HaskellSpecialImpl(SPECIAL)
      PsiElement(HaskellTokenType.])(']')
    HaskellReservedopImpl(RESERVEDOP)
      PsiElement(HaskellTokenType.->)('->')
    HaskellSpecialImpl(SPECIAL)
      PsiElement(HaskellTokenType.[)('[')
    HaskellQvaridImpl(QVARID)
      HaskellVaridImpl(VARID)
        PsiElement(HaskellTokenType.varidRegexp)('a')
    HaskellSpecialImpl(SPECIAL)
      PsiElement(HaskellTokenType.])(']')
    HaskellQvaridImpl(QVARID)
      HaskellVaridImpl(VARID)
        PsiElement(HaskellTokenType.varidRegexp)('rev')
    HaskellQvaridImpl(QVARID)
      HaskellVaridImpl(VARID)
        PsiElement(HaskellTokenType.varidRegexp)('xs')
    HaskellReservedopImpl(RESERVEDOP)
      PsiElement(HaskellTokenType.=)('=')
    HaskellQvaridImpl(QVARID)
      HaskellVaridImpl(VARID)
        PsiElement(HaskellTokenType.varidRegexp)('go')
    HaskellSpecialImpl(SPECIAL)
      PsiElement(HaskellTokenType.[)('[')
    HaskellSpecialImpl(SPECIAL)
      PsiElement(HaskellTokenType.])(']')
    HaskellQvaridImpl(QVARID)
      HaskellVaridImpl(VARID)
        PsiElement(HaskellTokenType.varidRegexp)('xs')
    PsiElement(HaskellTokenType.where)('where')
    HaskellQvaridImpl(QVARID)
      HaskellVaridImpl(VARID)
        PsiElement(HaskellTokenType.varidRegexp)('go')
    HaskellQvaridImpl(QVARID)
      HaskellVaridImpl(VARID)
        PsiElement(HaskellTokenType.varidRegexp)('acc')
    HaskellSpecialImpl(SPECIAL)
      PsiElement(HaskellTokenType.[)('[')
    HaskellSpecialImpl(SPECIAL)
      PsiElement(HaskellTokenType.])(']')
    HaskellReservedopImpl(RESERVEDOP)
      PsiElement(HaskellTokenType.=)('=')
    HaskellQvaridImpl(QVARID)
      HaskellVaridImpl(VARID)
        PsiElement(HaskellTokenType.varidRegexp)('acc')
    HaskellQvaridImpl(QVARID)
      HaskellVaridImpl(VARID)
        PsiElement(HaskellTokenType.varidRegexp)('go')
    HaskellQvaridImpl(QVARID)
      HaskellVaridImpl(VARID)
        PsiElement(HaskellTokenType.varidRegexp)('acc')
    HaskellSpecialImpl(SPECIAL)
      PsiElement(HaskellTokenType.()('(')
    HaskellQvaridImpl(QVARID)
      HaskellVaridImpl(VARID)
        PsiElement(HaskellTokenType.varidRegexp)('x')
    HaskellQconsymImpl(QCONSYM)
      HaskellConsymImpl(CONSYM)
        PsiElement(HaskellTokenType.:)(':')
    HaskellQvaridImpl(QVARID)
      HaskellVaridImpl(VARID)
        PsiElement(HaskellTokenType.varidRegexp)('xs')
    HaskellSpecialImpl(SPECIAL)
      PsiElement(HaskellTokenType.))(')')
    HaskellReservedopImpl(RESERVEDOP)
      PsiElement(HaskellTokenType.=)('=')
    HaskellQvaridImpl(QVARID)
      HaskellVaridImpl(VARID)
        PsiElement(HaskellTokenType.varidRegexp)('go')
    HaskellSpecialImpl(SPECIAL)
      PsiElement(HaskellTokenType.()('(')
    HaskellQvaridImpl(QVARID)
      HaskellVaridImpl(VARID)
        PsiElement(HaskellTokenType.varidRegexp)('x')
    HaskellQconsymImpl(QCONSYM)
      HaskellConsymImpl(CONSYM)
        PsiElement(HaskellTokenType.:)(':')
    HaskellQvaridImpl(QVARID)
      HaskellVaridImpl(VARID)
        PsiElement(HaskellTokenType.varidRegexp)('acc')
    HaskellSpecialImpl(SPECIAL)
      PsiElement(HaskellTokenType.))(')')
    HaskellQvaridImpl(QVARID)
      HaskellVaridImpl(VARID)
        PsiElement(HaskellTokenType.varidRegexp)('xs')