Haskell File
  HaskellPpragmaImpl(PPRAGMA)
    PsiElement(HaskellTokenType.{-#)('{-#')
    PsiElement(HaskellTokenType.PRAGMA)(' LANGUAGE TupleSections ')
    PsiElement(HaskellTokenType.#-})('#-}')
  HaskellModuledeclImpl(MODULEDECL)
    PsiElement(HaskellTokenType.module)('module')
    HaskellQconidImpl(QCONID)
      PsiElement(HaskellTokenType.conidRegexp)('Fun00008')
    PsiElement(HaskellTokenType.where)('where')
  HaskellBodyImpl(BODY)
    HaskellQvaridImpl(QVARID)
      HaskellVaridImpl(VARID)
        PsiElement(HaskellTokenType.varidRegexp)('f')
    HaskellQvaridImpl(QVARID)
      HaskellVaridImpl(VARID)
        PsiElement(HaskellTokenType.varidRegexp)('x')
    HaskellReservedopImpl(RESERVEDOP)
      PsiElement(HaskellTokenType.=)('=')
    PsiElement(HaskellTokenType.let)('let')
    HaskellQvaridImpl(QVARID)
      HaskellVaridImpl(VARID)
        PsiElement(HaskellTokenType.varidRegexp)('z')
    HaskellReservedopImpl(RESERVEDOP)
      PsiElement(HaskellTokenType.=)('=')
    PsiElement(HaskellTokenType.if)('if')
    HaskellQvaridImpl(QVARID)
      HaskellVaridImpl(VARID)
        PsiElement(HaskellTokenType.varidRegexp)('x')
    PsiElement(HaskellTokenType.then)('then')
    HaskellSpecialImpl(SPECIAL)
      PsiElement(HaskellTokenType.()('(')
    PsiElement(HaskellTokenType.integertoken)('3')
    HaskellSymbolImpl(SYMBOL)
      PsiElement(HaskellTokenType.^)('^')
    HaskellSpecialImpl(SPECIAL)
      PsiElement(HaskellTokenType.))(')')
    PsiElement(HaskellTokenType.else)('else')
    HaskellSpecialImpl(SPECIAL)
      PsiElement(HaskellTokenType.()('(')
    HaskellSymbolImpl(SYMBOL)
      PsiElement(HaskellTokenType.^)('^')
    PsiElement(HaskellTokenType.integertoken)('8')
    HaskellSpecialImpl(SPECIAL)
      PsiElement(HaskellTokenType.))(')')
    PsiElement(HaskellTokenType.in)('in')
    HaskellSymbolImpl(SYMBOL)
      PsiElement(HaskellTokenType.-)('-')
    PsiElement(HaskellTokenType.integertoken)('1')
    HaskellQvaridImpl(QVARID)
      HaskellVaridImpl(VARID)
        PsiElement(HaskellTokenType.varidRegexp)('main2')
    HaskellReservedopImpl(RESERVEDOP)
      PsiElement(HaskellTokenType.=)('=')
    PsiElement(HaskellTokenType.do)('do')
    HaskellQvaridImpl(QVARID)
      HaskellVaridImpl(VARID)
        PsiElement(HaskellTokenType.varidRegexp)('h')
    HaskellReservedopImpl(RESERVEDOP)
      PsiElement(HaskellTokenType.<-)('<-')
    HaskellQvaridImpl(QVARID)
      HaskellVaridImpl(VARID)
        PsiElement(HaskellTokenType.varidRegexp)('ask')
    PsiElement(HaskellTokenType.let)('let')
    HaskellQvaridImpl(QVARID)
      HaskellVaridImpl(VARID)
        PsiElement(HaskellTokenType.varidRegexp)('m')
    HaskellReservedopImpl(RESERVEDOP)
      PsiElement(HaskellTokenType.=)('=')
    HaskellQvaridImpl(QVARID)
      HaskellVaridImpl(VARID)
        PsiElement(HaskellTokenType.varidRegexp)('f')
    HaskellQvaridImpl(QVARID)
      HaskellVaridImpl(VARID)
        PsiElement(HaskellTokenType.varidRegexp)('h')
    PsiElement(HaskellTokenType.integertoken)('13')
    HaskellSpecialImpl(SPECIAL)
      PsiElement(HaskellTokenType.()('(')
    HaskellSpecialImpl(SPECIAL)
      PsiElement(HaskellTokenType.,)(',')
    HaskellSpecialImpl(SPECIAL)
      PsiElement(HaskellTokenType.,)(',')
    PsiElement(HaskellTokenType.integertoken)('3')
    HaskellSpecialImpl(SPECIAL)
      PsiElement(HaskellTokenType.))(')')
    HaskellQvaridImpl(QVARID)
      HaskellVaridImpl(VARID)
        PsiElement(HaskellTokenType.varidRegexp)('return')
    HaskellQvaridImpl(QVARID)
      HaskellVaridImpl(VARID)
        PsiElement(HaskellTokenType.varidRegexp)('m')
    HaskellQvaridImpl(QVARID)
      HaskellVaridImpl(VARID)
        PsiElement(HaskellTokenType.varidRegexp)('g')
    HaskellQvaridImpl(QVARID)
      HaskellVaridImpl(VARID)
        PsiElement(HaskellTokenType.varidRegexp)('x')
    HaskellReservedopImpl(RESERVEDOP)
      PsiElement(HaskellTokenType.=)('=')
    HaskellQvaridImpl(QVARID)
      HaskellVaridImpl(VARID)
        PsiElement(HaskellTokenType.varidRegexp)('xs')
    HaskellQvarsymImpl(QVARSYM)
      HaskellVarsymImpl(VARSYM)
        PsiElement(HaskellTokenType.Varsym)('++')
    HaskellQvaridImpl(QVARID)
      HaskellVaridImpl(VARID)
        PsiElement(HaskellTokenType.varidRegexp)('ys')
    HaskellQvarsymImpl(QVARSYM)
      HaskellVarsymImpl(VARSYM)
        PsiElement(HaskellTokenType.Varsym)('++')
    HaskellQvaridImpl(QVARID)
      HaskellVaridImpl(VARID)
        PsiElement(HaskellTokenType.varidRegexp)('zs')
    HaskellQvarsymImpl(QVARSYM)
      HaskellVarsymImpl(VARSYM)
        PsiElement(HaskellTokenType.Varsym)('++')
    HaskellQvaridImpl(QVARID)
      HaskellVaridImpl(VARID)
        PsiElement(HaskellTokenType.varidRegexp)('zs'')
    PsiElement(HaskellTokenType.where)('where')
    HaskellQvaridImpl(QVARID)
      HaskellVaridImpl(VARID)
        PsiElement(HaskellTokenType.varidRegexp)('xs')
    HaskellReservedopImpl(RESERVEDOP)
      PsiElement(HaskellTokenType.=)('=')
    HaskellSpecialImpl(SPECIAL)
      PsiElement(HaskellTokenType.[)('[')
    PsiElement(HaskellTokenType.integertoken)('1')
    HaskellReservedopImpl(RESERVEDOP)
      PsiElement(HaskellTokenType...)('..')
    HaskellSpecialImpl(SPECIAL)
      PsiElement(HaskellTokenType.])(']')
    HaskellQvaridImpl(QVARID)
      HaskellVaridImpl(VARID)
        PsiElement(HaskellTokenType.varidRegexp)('ys')
    HaskellReservedopImpl(RESERVEDOP)
      PsiElement(HaskellTokenType.=)('=')
    HaskellSpecialImpl(SPECIAL)
      PsiElement(HaskellTokenType.[)('[')
    PsiElement(HaskellTokenType.integertoken)('1')
    HaskellReservedopImpl(RESERVEDOP)
      PsiElement(HaskellTokenType...)('..')
    HaskellQvaridImpl(QVARID)
      HaskellVaridImpl(VARID)
        PsiElement(HaskellTokenType.varidRegexp)('x')
    HaskellSpecialImpl(SPECIAL)
      PsiElement(HaskellTokenType.])(']')
    HaskellQvaridImpl(QVARID)
      HaskellVaridImpl(VARID)
        PsiElement(HaskellTokenType.varidRegexp)('zs')
    HaskellReservedopImpl(RESERVEDOP)
      PsiElement(HaskellTokenType.=)('=')
    HaskellSpecialImpl(SPECIAL)
      PsiElement(HaskellTokenType.[)('[')
    PsiElement(HaskellTokenType.integertoken)('1')
    HaskellSpecialImpl(SPECIAL)
      PsiElement(HaskellTokenType.,)(',')
    HaskellQvaridImpl(QVARID)
      HaskellVaridImpl(VARID)
        PsiElement(HaskellTokenType.varidRegexp)('x')
    HaskellReservedopImpl(RESERVEDOP)
      PsiElement(HaskellTokenType...)('..')
    HaskellSpecialImpl(SPECIAL)
      PsiElement(HaskellTokenType.])(']')
    HaskellQvaridImpl(QVARID)
      HaskellVaridImpl(VARID)
        PsiElement(HaskellTokenType.varidRegexp)('zs'')
    HaskellReservedopImpl(RESERVEDOP)
      PsiElement(HaskellTokenType.=)('=')
    HaskellSpecialImpl(SPECIAL)
      PsiElement(HaskellTokenType.[)('[')
    PsiElement(HaskellTokenType.integertoken)('1')
    HaskellSpecialImpl(SPECIAL)
      PsiElement(HaskellTokenType.,)(',')
    HaskellQvaridImpl(QVARID)
      HaskellVaridImpl(VARID)
        PsiElement(HaskellTokenType.varidRegexp)('x')
    HaskellReservedopImpl(RESERVEDOP)
      PsiElement(HaskellTokenType...)('..')
    HaskellSpecialImpl(SPECIAL)
      PsiElement(HaskellTokenType.()('(')
    PsiElement(HaskellTokenType.integertoken)('30')
    HaskellSymbolImpl(SYMBOL)
      PsiElement(HaskellTokenType.*)('*')
    HaskellQvaridImpl(QVARID)
      HaskellVaridImpl(VARID)
        PsiElement(HaskellTokenType.varidRegexp)('x')
    HaskellSpecialImpl(SPECIAL)
      PsiElement(HaskellTokenType.))(')')
    HaskellSpecialImpl(SPECIAL)
      PsiElement(HaskellTokenType.])(']')
    HaskellQvaridImpl(QVARID)
      HaskellVaridImpl(VARID)
        PsiElement(HaskellTokenType.varidRegexp)('h')
    HaskellQvaridImpl(QVARID)
      HaskellVaridImpl(VARID)
        PsiElement(HaskellTokenType.varidRegexp)('xs')
    HaskellReservedopImpl(RESERVEDOP)
      PsiElement(HaskellTokenType.=)('=')
    HaskellSpecialImpl(SPECIAL)
      PsiElement(HaskellTokenType.[)('[')
    HaskellQvaridImpl(QVARID)
      HaskellVaridImpl(VARID)
        PsiElement(HaskellTokenType.varidRegexp)('y')
    HaskellReservedopImpl(RESERVEDOP)
      PsiElement(HaskellTokenType.|)('|')
    HaskellQconidImpl(QCONID)
      PsiElement(HaskellTokenType.conidRegexp)('Just')
    HaskellQvaridImpl(QVARID)
      HaskellVaridImpl(VARID)
        PsiElement(HaskellTokenType.varidRegexp)('y')
    HaskellReservedopImpl(RESERVEDOP)
      PsiElement(HaskellTokenType.<-)('<-')
    HaskellQvaridImpl(QVARID)
      HaskellVaridImpl(VARID)
        PsiElement(HaskellTokenType.varidRegexp)('xs')
    HaskellSpecialImpl(SPECIAL)
      PsiElement(HaskellTokenType.])(']')
    HaskellQvarsymImpl(QVARSYM)
      HaskellVarsymImpl(VARSYM)
        PsiElement(HaskellTokenType.Varsym)('++')
    HaskellSpecialImpl(SPECIAL)
      PsiElement(HaskellTokenType.[)('[')
    HaskellSpecialImpl(SPECIAL)
      PsiElement(HaskellTokenType.()('(')
    HaskellQvaridImpl(QVARID)
      HaskellVaridImpl(VARID)
        PsiElement(HaskellTokenType.varidRegexp)('y')
    HaskellSpecialImpl(SPECIAL)
      PsiElement(HaskellTokenType.,)(',')
    HaskellQvaridImpl(QVARID)
      HaskellVaridImpl(VARID)
        PsiElement(HaskellTokenType.varidRegexp)('z')
    HaskellSpecialImpl(SPECIAL)
      PsiElement(HaskellTokenType.))(')')
    HaskellReservedopImpl(RESERVEDOP)
      PsiElement(HaskellTokenType.|)('|')
    HaskellQconidImpl(QCONID)
      PsiElement(HaskellTokenType.conidRegexp)('Just')
    HaskellQvaridImpl(QVARID)
      HaskellVaridImpl(VARID)
        PsiElement(HaskellTokenType.varidRegexp)('y')
    HaskellReservedopImpl(RESERVEDOP)
      PsiElement(HaskellTokenType.<-)('<-')
    HaskellQvaridImpl(QVARID)
      HaskellVaridImpl(VARID)
        PsiElement(HaskellTokenType.varidRegexp)('xs')
    HaskellReservedopImpl(RESERVEDOP)
      PsiElement(HaskellTokenType.|)('|')
    HaskellQvaridImpl(QVARID)
      HaskellVaridImpl(VARID)
        PsiElement(HaskellTokenType.varidRegexp)('z')
    HaskellReservedopImpl(RESERVEDOP)
      PsiElement(HaskellTokenType.<-)('<-')
    HaskellQvaridImpl(QVARID)
      HaskellVaridImpl(VARID)
        PsiElement(HaskellTokenType.varidRegexp)('xs')
    HaskellSpecialImpl(SPECIAL)
      PsiElement(HaskellTokenType.])(']')