Haskell File
  HaskellPpragmaImpl(PPRAGMA)
    PsiElement(HaskellTokenType.{-#)('{-#')
    PsiElement(HaskellTokenType.PRAGMA)('LANGUAGE')
    PsiElement(HaskellTokenType.PRAGMA)('GADTs')
    PsiElement(HaskellTokenType.#-})('#-}')
  HaskellModuledeclImpl(MODULEDECL)
    PsiElement(HaskellTokenType.module)('module')
    HaskellQconidImpl(QCONID)
      HaskellConidImpl(CONID)
        PsiElement(HaskellTokenType.conidRegexp)('Fun00001')
    PsiElement(HaskellTokenType.where)('where')
  HaskellBodyImpl(BODY)
    HaskellDatadeclImpl(DATADECL)
      PsiElement(HaskellTokenType.data)('data')
      HaskellTypeeImpl(TYPEE)
        HaskellAtypeImpl(ATYPE)
          HaskellOqtyconImpl(OQTYCON)
            HaskellQtyconImpl(QTYCON)
              HaskellTyconImpl(TYCON)
                HaskellConidImpl(CONID)
                  PsiElement(HaskellTokenType.conidRegexp)('Maybe')
        HaskellAtypeImpl(ATYPE)
          HaskellTyvarImpl(TYVAR)
            HaskellVaridImpl(VARID)
              PsiElement(HaskellTokenType.varidRegexp)('a')
      PsiElement(HaskellTokenType.=)('=')
      HaskellConstrImpl(CONSTR)
        HaskellConImpl(CON)
          HaskellConidImpl(CONID)
            PsiElement(HaskellTokenType.conidRegexp)('Nothing')
      PsiElement(HaskellTokenType.|)('|')
      HaskellConstrImpl(CONSTR)
        HaskellConImpl(CON)
          HaskellConidImpl(CONID)
            PsiElement(HaskellTokenType.conidRegexp)('Just')
        HaskellAtypeImpl(ATYPE)
          HaskellTyvarImpl(TYVAR)
            HaskellVaridImpl(VARID)
              PsiElement(HaskellTokenType.varidRegexp)('a')
    HaskellTypedeclImpl(TYPEDECL)
      PsiElement(HaskellTokenType.type)('type')
      HaskellTypeeImpl(TYPEE)
        HaskellAtypeImpl(ATYPE)
          HaskellOqtyconImpl(OQTYCON)
            HaskellQtyconImpl(QTYCON)
              HaskellTyconImpl(TYCON)
                HaskellConidImpl(CONID)
                  PsiElement(HaskellTokenType.conidRegexp)('Perhaps')
        HaskellAtypeImpl(ATYPE)
          HaskellTyvarImpl(TYVAR)
            HaskellVaridImpl(VARID)
              PsiElement(HaskellTokenType.varidRegexp)('a')
      PsiElement(HaskellTokenType.=)('=')
      HaskellTypeeImpl(TYPEE)
        HaskellAtypeImpl(ATYPE)
          HaskellOqtyconImpl(OQTYCON)
            HaskellQtyconImpl(QTYCON)
              HaskellTyconImpl(TYCON)
                HaskellConidImpl(CONID)
                  PsiElement(HaskellTokenType.conidRegexp)('Maybe')
        HaskellAtypeImpl(ATYPE)
          HaskellTyvarImpl(TYVAR)
            HaskellVaridImpl(VARID)
              PsiElement(HaskellTokenType.varidRegexp)('a')