Haskell File
  HaskellPpragmaImpl(PPRAGMA)
    PsiElement(HaskellTokenType.{-#)('{-#')
    PsiElement(HaskellTokenType.PRAGMA)(' LANGUAGE GADTs ')
    PsiElement(HaskellTokenType.#-})('#-}')
  PsiElement(HaskellTokenType.module)('module')
  HaskellQconidImpl(QCONID)
    PsiElement(HaskellTokenType.conidRegexp)('Fun00002')
  PsiElement(HaskellTokenType.where)('where')
  PsiComment(HaskellTokenType.comment)('-- | Type and size information of a Feldspar program\n')
  HaskellBodyImpl(BODY)
    PsiElement(HaskellTokenType.data)('data')
    HaskellQconidImpl(QCONID)
      PsiElement(HaskellTokenType.conidRegexp)('Info')
    HaskellQvaridImpl(QVARID)
      HaskellVaridImpl(VARID)
        PsiElement(HaskellTokenType.varidRegexp)('a')
    PsiElement(HaskellTokenType.where)('where')
    HaskellQconidImpl(QCONID)
      PsiElement(HaskellTokenType.conidRegexp)('Info')
    HaskellReservedopImpl(RESERVEDOP)
      PsiElement(HaskellTokenType.::)('::')
    HaskellSpecialImpl(SPECIAL)
      PsiElement(HaskellTokenType.()('(')
    HaskellQconidImpl(QCONID)
      PsiElement(HaskellTokenType.conidRegexp)('Show')
    HaskellSpecialImpl(SPECIAL)
      PsiElement(HaskellTokenType.()('(')
    HaskellQconidImpl(QCONID)
      PsiElement(HaskellTokenType.conidRegexp)('Size')
    HaskellQvaridImpl(QVARID)
      HaskellVaridImpl(VARID)
        PsiElement(HaskellTokenType.varidRegexp)('a')
    HaskellSpecialImpl(SPECIAL)
      PsiElement(HaskellTokenType.))(')')
    HaskellSpecialImpl(SPECIAL)
      PsiElement(HaskellTokenType.,)(',')
    HaskellQconidImpl(QCONID)
      PsiElement(HaskellTokenType.conidRegexp)('Lattice')
    HaskellSpecialImpl(SPECIAL)
      PsiElement(HaskellTokenType.()('(')
    HaskellQconidImpl(QCONID)
      PsiElement(HaskellTokenType.conidRegexp)('Size')
    HaskellQvaridImpl(QVARID)
      HaskellVaridImpl(VARID)
        PsiElement(HaskellTokenType.varidRegexp)('a')
    HaskellSpecialImpl(SPECIAL)
      PsiElement(HaskellTokenType.))(')')
    HaskellSpecialImpl(SPECIAL)
      PsiElement(HaskellTokenType.))(')')
    HaskellReservedopImpl(RESERVEDOP)
      PsiElement(HaskellTokenType.=>)('=>')
    HaskellSpecialImpl(SPECIAL)
      PsiElement(HaskellTokenType.{)('{')
    HaskellQvaridImpl(QVARID)
      HaskellVaridImpl(VARID)
        PsiElement(HaskellTokenType.varidRegexp)('infoType')
    HaskellReservedopImpl(RESERVEDOP)
      PsiElement(HaskellTokenType.::)('::')
    HaskellQconidImpl(QCONID)
      PsiElement(HaskellTokenType.conidRegexp)('TypeRep')
    HaskellQvaridImpl(QVARID)
      HaskellVaridImpl(VARID)
        PsiElement(HaskellTokenType.varidRegexp)('a')
    HaskellSpecialImpl(SPECIAL)
      PsiElement(HaskellTokenType.,)(',')
    HaskellQvaridImpl(QVARID)
      HaskellVaridImpl(VARID)
        PsiElement(HaskellTokenType.varidRegexp)('infoSize')
    HaskellReservedopImpl(RESERVEDOP)
      PsiElement(HaskellTokenType.::)('::')
    HaskellQconidImpl(QCONID)
      PsiElement(HaskellTokenType.conidRegexp)('Size')
    HaskellQvaridImpl(QVARID)
      HaskellVaridImpl(VARID)
        PsiElement(HaskellTokenType.varidRegexp)('a')
    HaskellSpecialImpl(SPECIAL)
      PsiElement(HaskellTokenType.,)(',')
    HaskellQvaridImpl(QVARID)
      HaskellVaridImpl(VARID)
        PsiElement(HaskellTokenType.varidRegexp)('infoVars')
    HaskellReservedopImpl(RESERVEDOP)
      PsiElement(HaskellTokenType.::)('::')
    HaskellQconidImpl(QCONID)
      PsiElement(HaskellTokenType.conidRegexp)('VarInfo')
    HaskellSpecialImpl(SPECIAL)
      PsiElement(HaskellTokenType.,)(',')
    HaskellQvaridImpl(QVARID)
      HaskellVaridImpl(VARID)
        PsiElement(HaskellTokenType.varidRegexp)('infoSource')
    HaskellReservedopImpl(RESERVEDOP)
      PsiElement(HaskellTokenType.::)('::')
    HaskellQconidImpl(QCONID)
      PsiElement(HaskellTokenType.conidRegexp)('SourceInfo')
    HaskellSpecialImpl(SPECIAL)
      PsiElement(HaskellTokenType.})('}')
    HaskellReservedopImpl(RESERVEDOP)
      PsiElement(HaskellTokenType.->)('->')
    HaskellQconidImpl(QCONID)
      PsiElement(HaskellTokenType.conidRegexp)('Info')
    HaskellQvaridImpl(QVARID)
      HaskellVaridImpl(VARID)
        PsiElement(HaskellTokenType.varidRegexp)('a')