Haskell File
  HaskellModuledeclImpl(MODULEDECL)
    PsiElement(HaskellTokenType.module)('module')
    HaskellQconidImpl(QCONID)
      HaskellConidImpl(CONID)
        PsiElement(HaskellTokenType.conidRegexp)('Import00004')
    PsiElement(HaskellTokenType.where)('where')
  HaskellBodyImpl(BODY)
    HaskellImpdeclImpl(IMPDECL)
      PsiElement(HaskellTokenType.import)('import')
      HaskellQconidImpl(QCONID)
        HaskellModulePrefixImpl(MODULE_PREFIX)
          HaskellConidImpl(CONID)
            PsiElement(HaskellTokenType.conidRegexp)('Data')
          PsiElement(HaskellTokenType..)('.')
        HaskellConidImpl(CONID)
          PsiElement(HaskellTokenType.conidRegexp)('QuickCheck')
      PsiElement(HaskellTokenType.()('(')
      HaskellImporttImpl(IMPORTT)
        PsiElement(HaskellTokenType.()('(')
        HaskellVarsymImpl(VARSYM)
          PsiElement(HaskellTokenType.Varsym)('===>')
        PsiElement(HaskellTokenType.))(')')
      PsiElement(HaskellTokenType.))(')')