Haskell File
  HaskellModuledeclImpl(MODULEDECL)
    PsiElement(HaskellTokenType.module)('module')
    HaskellQconidImpl(QCONID)
      PsiElement(HaskellTokenType.conidRegexp)('Import1')
    PsiElement(HaskellTokenType.where)('where')
  HaskellBodyImpl(BODY)
    HaskellImpdeclImpl(IMPDECL)
      PsiElement(HaskellTokenType.import)('import')
      PsiElement(HaskellTokenType.qualified)('qualified')
      HaskellQconidImpl(QCONID)
        PsiElement(HaskellTokenType.conidRegexp)('Prelude')
      PsiElement(HaskellTokenType.hiding)('hiding')
      PsiElement(HaskellTokenType.()('(')
      HaskellImporttImpl(IMPORTT)
        HaskellVaridImpl(VARID)
          PsiElement(HaskellTokenType.varidRegexp)('zipWith')
      PsiElement(HaskellTokenType.,)(',')
      HaskellImporttImpl(IMPORTT)
        HaskellVaridImpl(VARID)
          PsiElement(HaskellTokenType.varidRegexp)('head')
      PsiElement(HaskellTokenType.))(')')
    HaskellImpdeclImpl(IMPDECL)
      PsiElement(HaskellTokenType.import)('import')
      HaskellQconidImpl(QCONID)
        HaskellModulePrefixImpl(MODULE_PREFIX)
          PsiElement(HaskellTokenType.conidRegexp)('Data')
          PsiElement(HaskellTokenType..)('.')
        PsiElement(HaskellTokenType.conidRegexp)('Maybe')
      PsiElement(HaskellTokenType.()('(')
      HaskellImporttImpl(IMPORTT)
        HaskellVaridImpl(VARID)
          PsiElement(HaskellTokenType.varidRegexp)('fromMaybe')
      PsiElement(HaskellTokenType.,)(',')
      HaskellImporttImpl(IMPORTT)
        HaskellVaridImpl(VARID)
          PsiElement(HaskellTokenType.varidRegexp)('isJust')
      PsiElement(HaskellTokenType.))(')')
    HaskellImpdeclImpl(IMPDECL)
      PsiElement(HaskellTokenType.import)('import')
      PsiElement(HaskellTokenType.qualified)('qualified')
      HaskellQconidImpl(QCONID)
        HaskellModulePrefixImpl(MODULE_PREFIX)
          PsiElement(HaskellTokenType.conidRegexp)('Data')
          PsiElement(HaskellTokenType..)('.')
        PsiElement(HaskellTokenType.conidRegexp)('Maybe')
      PsiElement(HaskellTokenType.()('(')
      HaskellImporttImpl(IMPORTT)
        HaskellTyconImpl(TYCON)
          HaskellConidImpl(CONID)
            PsiElement(HaskellTokenType.conidRegexp)('Maybe')
        PsiElement(HaskellTokenType.()('(')
        PsiElement(HaskellTokenType...)('..')
        PsiElement(HaskellTokenType.))(')')
      PsiElement(HaskellTokenType.))(')')
    HaskellImpdeclImpl(IMPDECL)
      PsiElement(HaskellTokenType.import)('import')
      PsiElement(HaskellTokenType.qualified)('qualified')
      HaskellQconidImpl(QCONID)
        PsiElement(HaskellTokenType.conidRegexp)('Prelude')
      PsiElement(HaskellTokenType.as)('as')
      HaskellQconidImpl(QCONID)
        PsiElement(HaskellTokenType.conidRegexp)('P')