Haskell File
  HaskellModuledeclImpl(MODULEDECL)
    PsiElement(HaskellTokenType.module)('module')
    HaskellQconidImpl(QCONID)
      HaskellConidImpl(CONID)
        PsiElement(HaskellTokenType.conidRegexp)('Import00004')
    PsiElement(HaskellTokenType.where)('where')
  HaskellBodyImpl(BODY)
    HaskellImpdeclImpl(IMPDECL)
      PsiElement(HaskellTokenType.import)('import')
      HaskellQconidImpl(QCONID)
        HaskellConidImpl(CONID)
          PsiElement(HaskellTokenType.conidRegexp)('Data')
        PsiElement(HaskellTokenType..)('.')
        HaskellConidImpl(CONID)
          PsiElement(HaskellTokenType.conidRegexp)('ByteString')
        PsiElement(HaskellTokenType..)('.')
        HaskellConidImpl(CONID)
          PsiElement(HaskellTokenType.conidRegexp)('Char8')
      HaskellImpemptyImpl(IMPEMPTY)
        PsiElement(HaskellTokenType.conidRegexp)('()')