Haskell File
  HaskellModuledeclImpl(MODULEDECL)
    PsiElement(HaskellTokenType.module)('module')
    HaskellQconidImpl(QCONID)
      HaskellConidImpl(CONID)
        PsiElement(HaskellTokenType.conidRegexp)('Layout00016')
    PsiElement(HaskellTokenType.where)('where')
  HaskellBodyImpl(BODY)
    HaskellFunorpatdeclImpl(FUNORPATDECL)
      HaskellVaridImpl(VARID)
        PsiElement(HaskellTokenType.varidRegexp)('decodeLen')
      HaskellVaridImpl(VARID)
        PsiElement(HaskellTokenType.varidRegexp)('e')
      HaskellRhsImpl(RHS)
        PsiElement(HaskellTokenType.|)('|')
        HaskellGuardImpl(GUARD)
          HaskellPatImpl(PAT)
            PsiElement(HaskellTokenType.[)('[')
            HaskellPatImpl(PAT)
              HaskellVaridImpl(VARID)
                PsiElement(HaskellTokenType.varidRegexp)('p')
              PsiElement(HaskellTokenType.@)('@')
              PsiElement(HaskellTokenType.()('(')
              HaskellPatImpl(PAT)
                PsiElement(HaskellTokenType._)('_')
              PsiElement(HaskellTokenType.,)(',')
              HaskellPatImpl(PAT)
                PsiElement(HaskellTokenType._)('_')
              PsiElement(HaskellTokenType.))(')')
            PsiElement(HaskellTokenType.])(']')
          PsiElement(HaskellTokenType.<-)('<-')
          HaskellExpImpl(EXP)
            HaskellQvarImpl(QVAR)
              HaskellQvaridImpl(QVARID)
                HaskellVaridImpl(VARID)
                  PsiElement(HaskellTokenType.varidRegexp)('reads')
            HaskellQvarImpl(QVAR)
              HaskellQvaridImpl(QVARID)
                HaskellVaridImpl(VARID)
                  PsiElement(HaskellTokenType.varidRegexp)('e')
            PsiElement(HaskellTokenType.::)('::')
            HaskellTypeeImpl(TYPEE)
              HaskellAtypeImpl(ATYPE)
                PsiElement(HaskellTokenType.[)('[')
                HaskellCtypeImpl(CTYPE)
                  HaskellTypeeImpl(TYPEE)
                    HaskellAtypeImpl(ATYPE)
                      PsiElement(HaskellTokenType.()('(')
                      HaskellCtypeImpl(CTYPE)
                        HaskellTypeeImpl(TYPEE)
                          HaskellAtypeImpl(ATYPE)
                            HaskellOqtyconImpl(OQTYCON)
                              HaskellQtyconImpl(QTYCON)
                                HaskellTyconImpl(TYCON)
                                  HaskellConidImpl(CONID)
                                    PsiElement(HaskellTokenType.conidRegexp)('Int')
                      PsiElement(HaskellTokenType.,)(',')
                      HaskellCtypeImpl(CTYPE)
                        HaskellTypeeImpl(TYPEE)
                          HaskellAtypeImpl(ATYPE)
                            HaskellOqtyconImpl(OQTYCON)
                              HaskellQtyconImpl(QTYCON)
                                HaskellTyconImpl(TYCON)
                                  HaskellConidImpl(CONID)
                                    PsiElement(HaskellTokenType.conidRegexp)('String')
                      PsiElement(HaskellTokenType.))(')')
                PsiElement(HaskellTokenType.])(']')
        PsiElement(HaskellTokenType.=)('=')
        HaskellExpImpl(EXP)
          HaskellQconImpl(QCON)
            HaskellQconidImpl(QCONID)
              HaskellConidImpl(CONID)
                PsiElement(HaskellTokenType.conidRegexp)('Just')
          HaskellQvarImpl(QVAR)
            HaskellQvaridImpl(QVARID)
              HaskellVaridImpl(VARID)
                PsiElement(HaskellTokenType.varidRegexp)('p')