Haskell File
  HaskellModuledeclImpl(MODULEDECL)
    PsiElement(HaskellTokenType.module)('module')
    HaskellQconidImpl(QCONID)
      HaskellConidImpl(CONID)
        PsiElement(HaskellTokenType.conidRegexp)('Layout00005')
    PsiElement(HaskellTokenType.where)('where')
  HaskellBodyImpl(BODY)
    HaskellFunorpatdeclImpl(FUNORPATDECL)
      HaskellPatImpl(PAT)
        HaskellVaridImpl(VARID)
          PsiElement(HaskellTokenType.varidRegexp)('getOAuthTokens')
      HaskellRhsImpl(RHS)
        PsiElement(HaskellTokenType.=)('=')
        HaskellExpImpl(EXP)
          PsiElement(HaskellTokenType.do)('do')
          HaskellStmtsImpl(STMTS)
            PsiElement(HaskellTokenType.let)('let')
            HaskellFunorpatdeclImpl(FUNORPATDECL)
              HaskellPatImpl(PAT)
                HaskellVaridImpl(VARID)
                  PsiElement(HaskellTokenType.varidRegexp)('r')
              HaskellRhsImpl(RHS)
                PsiElement(HaskellTokenType.=)('=')
                HaskellExpImpl(EXP)
                  HaskellQvarImpl(QVAR)
                    HaskellQvaridImpl(QVARID)
                      HaskellVaridImpl(VARID)
                        PsiElement(HaskellTokenType.varidRegexp)('u')
                  HaskellQopImpl(QOP)
                    HaskellQvaropImpl(QVAROP)
                      HaskellQvarsymImpl(QVARSYM)
                        HaskellVarsymImpl(VARSYM)
                          PsiElement(HaskellTokenType.$)('$')
                  HaskellQvarImpl(QVAR)
                    HaskellQvaridImpl(QVARID)
                      HaskellVaridImpl(VARID)
                        PsiElement(HaskellTokenType.varidRegexp)('initReq')
                  PsiElement(HaskellTokenType.{)('{')
                  HaskellQvarImpl(QVAR)
                    HaskellQvaridImpl(QVARID)
                      HaskellVaridImpl(VARID)
                        PsiElement(HaskellTokenType.varidRegexp)('method')
                  PsiElement(HaskellTokenType.=)('=')
                  HaskellExpImpl(EXP)
                    HaskellPstringtokenImpl(PSTRINGTOKEN)
                      PsiElement(HaskellTokenType.")('"')
                      PsiElement(HaskellTokenType.STRINGTOKEN)('POST')
                      PsiElement(HaskellTokenType.")('"')
                  PsiElement(HaskellTokenType.,)(',')
                  HaskellQvarImpl(QVAR)
                    HaskellQvaridImpl(QVARID)
                      HaskellVaridImpl(VARID)
                        PsiElement(HaskellTokenType.varidRegexp)('requestHeaders')
                  PsiElement(HaskellTokenType.=)('=')
                  HaskellExpImpl(EXP)
                    PsiElement(HaskellTokenType.[)('[')
                    PsiElement(HaskellTokenType.])(']')
                  PsiElement(HaskellTokenType.})('}')
            HaskellExpImpl(EXP)
              HaskellQvarImpl(QVAR)
                HaskellQvaridImpl(QVARID)
                  HaskellVaridImpl(VARID)
                    PsiElement(HaskellTokenType.varidRegexp)('return')
              HaskellQvarImpl(QVAR)
                HaskellQvaridImpl(QVARID)
                  HaskellVaridImpl(VARID)
                    PsiElement(HaskellTokenType.varidRegexp)('r')