Haskell File
  HaskellModuledeclImpl(MODULEDECL)
    PsiElement(HaskellTokenType.module)('module')
    HaskellQconidImpl(QCONID)
      HaskellConidImpl(CONID)
        PsiElement(HaskellTokenType.conidRegexp)('Layout00014')
    PsiElement(HaskellTokenType.where)('where')
  HaskellBodyImpl(BODY)
    HaskellInstancedeclImpl(INSTANCEDECL)
      PsiElement(HaskellTokenType.instance)('instance')
      HaskellCtypeImpl(CTYPE)
        HaskellTypeeImpl(TYPEE)
          HaskellAtypeImpl(ATYPE)
            HaskellOqtyconImpl(OQTYCON)
              HaskellQtyconImpl(QTYCON)
                HaskellTyconImpl(TYCON)
                  HaskellConidImpl(CONID)
                    PsiElement(HaskellTokenType.conidRegexp)('Indexed')
          HaskellAtypeImpl(ATYPE)
            PsiElement(HaskellTokenType.()('(')
            HaskellCtypeImpl(CTYPE)
              HaskellTypeeImpl(TYPEE)
                HaskellAtypeImpl(ATYPE)
                  HaskellOqtyconImpl(OQTYCON)
                    HaskellQtyconImpl(QTYCON)
                      HaskellTyconImpl(TYCON)
                        HaskellConidImpl(CONID)
                          PsiElement(HaskellTokenType.conidRegexp)('Pull')
                HaskellAtypeImpl(ATYPE)
                  HaskellTyvarImpl(TYVAR)
                    HaskellVaridImpl(VARID)
                      PsiElement(HaskellTokenType.varidRegexp)('sh')
                HaskellAtypeImpl(ATYPE)
                  HaskellTyvarImpl(TYVAR)
                    HaskellVaridImpl(VARID)
                      PsiElement(HaskellTokenType.varidRegexp)('a')
            PsiElement(HaskellTokenType.))(')')
      PsiElement(HaskellTokenType.where)('where')
      HaskellIdeclImpl(IDECL)
        HaskellFunorpatdeclImpl(FUNORPATDECL)
          HaskellPatImpl(PAT)
            HaskellQconImpl(QCON)
              HaskellQconidImpl(QCONID)
                HaskellConidImpl(CONID)
                  PsiElement(HaskellTokenType.conidRegexp)('Pull')
            HaskellVaridImpl(VARID)
              PsiElement(HaskellTokenType.varidRegexp)('ixf')
            PsiElement(HaskellTokenType._)('_')
            PsiElement(HaskellTokenType.!)('!')
            HaskellVaridImpl(VARID)
              PsiElement(HaskellTokenType.varidRegexp)('i')
          HaskellRhsImpl(RHS)
            PsiElement(HaskellTokenType.=)('=')
            HaskellExpImpl(EXP)
              HaskellQvarImpl(QVAR)
                HaskellQvaridImpl(QVARID)
                  HaskellVaridImpl(VARID)
                    PsiElement(HaskellTokenType.varidRegexp)('ixf')
              HaskellQvarImpl(QVAR)
                HaskellQvaridImpl(QVARID)
                  HaskellVaridImpl(VARID)
                    PsiElement(HaskellTokenType.varidRegexp)('i')