Haskell File
  HaskellModuledeclImpl(MODULEDECL)
    PsiElement(HaskellTokenType.module)('module')
    HaskellQconidImpl(QCONID)
      HaskellConidImpl(CONID)
        PsiElement(HaskellTokenType.conidRegexp)('Layout00009')
    PsiElement(HaskellTokenType.where)('where')
  HaskellBodyImpl(BODY)
    HaskellFunorpatdeclImpl(FUNORPATDECL)
      HaskellPatImpl(PAT)
        HaskellVaridImpl(VARID)
          PsiElement(HaskellTokenType.varidRegexp)('xs')
      HaskellRhsImpl(RHS)
        PsiElement(HaskellTokenType.=)('=')
        HaskellExpImpl(EXP)
          PsiElement(HaskellTokenType.[)('[')
          HaskellExpImpl(EXP)
            HaskellPstringtokenImpl(PSTRINGTOKEN)
              PsiElement(HaskellTokenType.")('"')
              PsiElement(HaskellTokenType.STRINGTOKEN)('foo')
              PsiElement(HaskellTokenType.")('"')
  PsiElement(HaskellTokenType.,)(',')
  PsiElement(HaskellTokenType.])(']')
  PsiErrorElement:'' unexpected
    <empty list>