Haskell File
  HaskellModuledeclImpl(MODULEDECL)
    PsiElement(HaskellTokenType.module)('module')
    HaskellQconidImpl(QCONID)
      PsiElement(HaskellTokenType.conidRegexp)('Layout00002')
    PsiElement(HaskellTokenType.where)('where')
  HaskellBodyImpl(BODY)
    HaskellInstancedeclImpl(INSTANCEDECL)
      PsiElement(HaskellTokenType.instance)('instance')
      HaskellCtypeImpl(CTYPE)
        HaskellTypeeImpl(TYPEE)
          HaskellAtypeImpl(ATYPE)
            HaskellOqtyconImpl(OQTYCON)
              HaskellQtyconImpl(QTYCON)
                HaskellTyconImpl(TYCON)
                  HaskellConidImpl(CONID)
                    PsiElement(HaskellTokenType.conidRegexp)('Monad')
          HaskellAtypeImpl(ATYPE)
            PsiElement(HaskellTokenType.()('(')
            HaskellCtypeImpl(CTYPE)
              HaskellTypeeImpl(TYPEE)
                HaskellAtypeImpl(ATYPE)
                  HaskellOqtyconImpl(OQTYCON)
                    HaskellQtyconImpl(QTYCON)
                      HaskellTyconImpl(TYCON)
                        HaskellConidImpl(CONID)
                          PsiElement(HaskellTokenType.conidRegexp)('DocM')
                HaskellAtypeImpl(ATYPE)
                  HaskellTyvarImpl(TYVAR)
                    HaskellVaridImpl(VARID)
                      PsiElement(HaskellTokenType.varidRegexp)('s')
            PsiElement(HaskellTokenType.))(')')
      PsiElement(HaskellTokenType.where)('where')
      HaskellIdeclImpl(IDECL)
        HaskellVaridImpl(VARID)
          PsiElement(HaskellTokenType.varidRegexp)('return')
        HaskellRhsImpl(RHS)
          PsiElement(HaskellTokenType.=)('=')
          HaskellExpImpl(EXP)
            HaskellQvarImpl(QVAR)
              HaskellQvaridImpl(QVARID)
                HaskellVaridImpl(VARID)
                  PsiElement(HaskellTokenType.varidRegexp)('retDocM')
      HaskellPpragmaImpl(PPRAGMA)
        PsiElement(HaskellTokenType.{-#)('{-#')
        PsiElement(HaskellTokenType.PRAGMA)(' INLINE thenDocM ')
        PsiElement(HaskellTokenType.#-})('#-}')
      HaskellPpragmaImpl(PPRAGMA)
        PsiElement(HaskellTokenType.{-#)('{-#')
        PsiElement(HaskellTokenType.PRAGMA)(' INLINE then_DocM ')
        PsiElement(HaskellTokenType.#-})('#-}')
    HaskellGendeclImpl(GENDECL)
      HaskellVarsImpl(VARS)
        HaskellVaridImpl(VARID)
          PsiElement(HaskellTokenType.varidRegexp)('thenDocM')
      PsiElement(HaskellTokenType.::)('::')
      HaskellCtypeImpl(CTYPE)
        HaskellTypeeImpl(TYPEE)
          HaskellAtypeImpl(ATYPE)
            HaskellOqtyconImpl(OQTYCON)
              HaskellQtyconImpl(QTYCON)
                HaskellTyconImpl(TYCON)
                  HaskellConidImpl(CONID)
                    PsiElement(HaskellTokenType.conidRegexp)('DocM')
          HaskellAtypeImpl(ATYPE)
            HaskellTyvarImpl(TYVAR)
              HaskellVaridImpl(VARID)
                PsiElement(HaskellTokenType.varidRegexp)('s')
          HaskellAtypeImpl(ATYPE)
            HaskellTyvarImpl(TYVAR)
              HaskellVaridImpl(VARID)
                PsiElement(HaskellTokenType.varidRegexp)('a')
          PsiElement(HaskellTokenType.->)('->')
          HaskellTypeeImpl(TYPEE)
            HaskellAtypeImpl(ATYPE)
              PsiElement(HaskellTokenType.()('(')
              HaskellCtypeImpl(CTYPE)
                HaskellTypeeImpl(TYPEE)
                  HaskellAtypeImpl(ATYPE)
                    HaskellTyvarImpl(TYVAR)
                      HaskellVaridImpl(VARID)
                        PsiElement(HaskellTokenType.varidRegexp)('a')
                  PsiElement(HaskellTokenType.->)('->')
                  HaskellTypeeImpl(TYPEE)
                    HaskellAtypeImpl(ATYPE)
                      HaskellOqtyconImpl(OQTYCON)
                        HaskellQtyconImpl(QTYCON)
                          HaskellTyconImpl(TYCON)
                            HaskellConidImpl(CONID)
                              PsiElement(HaskellTokenType.conidRegexp)('DocM')
                    HaskellAtypeImpl(ATYPE)
                      HaskellTyvarImpl(TYVAR)
                        HaskellVaridImpl(VARID)
                          PsiElement(HaskellTokenType.varidRegexp)('s')
                    HaskellAtypeImpl(ATYPE)
                      HaskellTyvarImpl(TYVAR)
                        HaskellVaridImpl(VARID)
                          PsiElement(HaskellTokenType.varidRegexp)('b')
              PsiElement(HaskellTokenType.))(')')
            PsiElement(HaskellTokenType.->)('->')
            HaskellTypeeImpl(TYPEE)
              HaskellAtypeImpl(ATYPE)
                HaskellOqtyconImpl(OQTYCON)
                  HaskellQtyconImpl(QTYCON)
                    HaskellTyconImpl(TYCON)
                      HaskellConidImpl(CONID)
                        PsiElement(HaskellTokenType.conidRegexp)('DocM')
              HaskellAtypeImpl(ATYPE)
                HaskellTyvarImpl(TYVAR)
                  HaskellVaridImpl(VARID)
                    PsiElement(HaskellTokenType.varidRegexp)('s')
              HaskellAtypeImpl(ATYPE)
                HaskellTyvarImpl(TYVAR)
                  HaskellVaridImpl(VARID)
                    PsiElement(HaskellTokenType.varidRegexp)('b')