Haskell File
  HaskellModuledeclImpl(MODULEDECL)
    PsiElement(HaskellTokenType.module)('module')
    HaskellQconidImpl(QCONID)
      HaskellConidImpl(CONID)
        PsiElement(HaskellTokenType.conidRegexp)('Layout00012')
    PsiElement(HaskellTokenType.where)('where')
  HaskellBodyImpl(BODY)
    HaskellTypedeclImpl(TYPEDECL)
      PsiElement(HaskellTokenType.type)('type')
      HaskellTypeeImpl(TYPEE)
        HaskellAtypeImpl(ATYPE)
          HaskellOqtyconImpl(OQTYCON)
            HaskellQtyconImpl(QTYCON)
              HaskellTyconImpl(TYCON)
                HaskellConidImpl(CONID)
                  PsiElement(HaskellTokenType.conidRegexp)('BoundedInt')
        HaskellAtypeImpl(ATYPE)
          HaskellTyvarImpl(TYVAR)
            HaskellVaridImpl(VARID)
              PsiElement(HaskellTokenType.varidRegexp)('a')
      PsiElement(HaskellTokenType.=)('=')
      HaskellTypeeImpl(TYPEE)
        HaskellAtypeImpl(ATYPE)
          PsiElement(HaskellTokenType.()('(')
          HaskellCtypeImpl(CTYPE)
            HaskellTypeeImpl(TYPEE)
              HaskellAtypeImpl(ATYPE)
                HaskellOqtyconImpl(OQTYCON)
                  HaskellQtyconImpl(QTYCON)
                    HaskellTyconImpl(TYCON)
                      HaskellConidImpl(CONID)
                        PsiElement(HaskellTokenType.conidRegexp)('BoundedSuper')
              HaskellAtypeImpl(ATYPE)
                HaskellTyvarImpl(TYVAR)
                  HaskellVaridImpl(VARID)
                    PsiElement(HaskellTokenType.varidRegexp)('a')
          PsiElement(HaskellTokenType.,)(',')
          HaskellCtypeImpl(CTYPE)
            HaskellTypeeImpl(TYPEE)
              HaskellAtypeImpl(ATYPE)
                HaskellOqtyconImpl(OQTYCON)
                  HaskellQtyconImpl(QTYCON)
                    HaskellTyconImpl(TYCON)
                      HaskellConidImpl(CONID)
                        PsiElement(HaskellTokenType.conidRegexp)('BoundedSuper')
              HaskellAtypeImpl(ATYPE)
                PsiElement(HaskellTokenType.()('(')
                HaskellCtypeImpl(CTYPE)
                  HaskellTypeeImpl(TYPEE)
                    HaskellAtypeImpl(ATYPE)
                      HaskellOqtyconImpl(OQTYCON)
                        HaskellQtyconImpl(QTYCON)
                          HaskellTyconImpl(TYCON)
                            HaskellConidImpl(CONID)
                              PsiElement(HaskellTokenType.conidRegexp)('UnsignedRep')
                    HaskellAtypeImpl(ATYPE)
                      HaskellTyvarImpl(TYVAR)
                        HaskellVaridImpl(VARID)
                          PsiElement(HaskellTokenType.varidRegexp)('a')
                PsiElement(HaskellTokenType.))(')')
          PsiElement(HaskellTokenType.))(')')
    PsiComment(HaskellTokenType.comment)('-- | Super class to 'BoundedInt'\n')
    HaskellCppImpl(CPP)
      PsiElement(HaskellTokenType.CPPIF)('#if defined(__GLASGOW_HASKELL__) && __GLASGOW_HASKELL__ >= 708')
    HaskellClassdeclImpl(CLASSDECL)
      PsiElement(HaskellTokenType.class)('class')
      HaskellCtypeImpl(CTYPE)
        HaskellContextImpl(CONTEXT)
          HaskellAtypeImpl(ATYPE)
            PsiElement(HaskellTokenType.()('(')
            HaskellCtypeImpl(CTYPE)
              HaskellTypeeImpl(TYPEE)
                HaskellAtypeImpl(ATYPE)
                  HaskellOqtyconImpl(OQTYCON)
                    HaskellQtyconImpl(QTYCON)
                      HaskellTyconImpl(TYCON)
                        HaskellConidImpl(CONID)
                          PsiElement(HaskellTokenType.conidRegexp)('Ord')
                HaskellAtypeImpl(ATYPE)
                  HaskellTyvarImpl(TYVAR)
                    HaskellVaridImpl(VARID)
                      PsiElement(HaskellTokenType.varidRegexp)('a')
            PsiElement(HaskellTokenType.,)(',')
            HaskellCtypeImpl(CTYPE)
              HaskellTypeeImpl(TYPEE)
                HaskellAtypeImpl(ATYPE)
                  HaskellOqtyconImpl(OQTYCON)
                    HaskellQtyconImpl(QTYCON)
                      HaskellTyconImpl(TYCON)
                        HaskellConidImpl(CONID)
                          PsiElement(HaskellTokenType.conidRegexp)('Num')
                HaskellAtypeImpl(ATYPE)
                  HaskellTyvarImpl(TYVAR)
                    HaskellVaridImpl(VARID)
                      PsiElement(HaskellTokenType.varidRegexp)('a')
            PsiElement(HaskellTokenType.,)(',')
            HaskellCtypeImpl(CTYPE)
              HaskellTypeeImpl(TYPEE)
                HaskellAtypeImpl(ATYPE)
                  HaskellOqtyconImpl(OQTYCON)
                    HaskellQtyconImpl(QTYCON)
                      HaskellTyconImpl(TYCON)
                        HaskellConidImpl(CONID)
                          PsiElement(HaskellTokenType.conidRegexp)('Bounded')
                HaskellAtypeImpl(ATYPE)
                  HaskellTyvarImpl(TYVAR)
                    HaskellVaridImpl(VARID)
                      PsiElement(HaskellTokenType.varidRegexp)('a')
            PsiElement(HaskellTokenType.,)(',')
            HaskellCtypeImpl(CTYPE)
              HaskellTypeeImpl(TYPEE)
                HaskellAtypeImpl(ATYPE)
                  HaskellOqtyconImpl(OQTYCON)
                    HaskellQtyconImpl(QTYCON)
                      HaskellTyconImpl(TYCON)
                        HaskellConidImpl(CONID)
                          PsiElement(HaskellTokenType.conidRegexp)('Integral')
                HaskellAtypeImpl(ATYPE)
                  HaskellTyvarImpl(TYVAR)
                    HaskellVaridImpl(VARID)
                      PsiElement(HaskellTokenType.varidRegexp)('a')
            PsiElement(HaskellTokenType.,)(',')
            HaskellCtypeImpl(CTYPE)
              HaskellTypeeImpl(TYPEE)
                HaskellAtypeImpl(ATYPE)
                  HaskellOqtyconImpl(OQTYCON)
                    HaskellQtyconImpl(QTYCON)
                      HaskellTyconImpl(TYCON)
                        HaskellConidImpl(CONID)
                          PsiElement(HaskellTokenType.conidRegexp)('FiniteBits')
                HaskellAtypeImpl(ATYPE)
                  HaskellTyvarImpl(TYVAR)
                    HaskellVaridImpl(VARID)
                      PsiElement(HaskellTokenType.varidRegexp)('a')
            PsiElement(HaskellTokenType.))(')')
        PsiElement(HaskellTokenType.=>)('=>')
        HaskellCtypeImpl(CTYPE)
          HaskellTypeeImpl(TYPEE)
            HaskellAtypeImpl(ATYPE)
              HaskellOqtyconImpl(OQTYCON)
                HaskellQtyconImpl(QTYCON)
                  HaskellTyconImpl(TYCON)
                    HaskellConidImpl(CONID)
                      PsiElement(HaskellTokenType.conidRegexp)('BoundedSuper')
            HaskellAtypeImpl(ATYPE)
              HaskellTyvarImpl(TYVAR)
                HaskellVaridImpl(VARID)
                  PsiElement(HaskellTokenType.varidRegexp)('a')
    HaskellCppImpl(CPP)
      PsiElement(HaskellTokenType.#endif)('#endif')