Haskell File
  HaskellModuledeclImpl(MODULEDECL)
    PsiElement(HaskellTokenType.module)('module')
    HaskellQconidImpl(QCONID)
      HaskellConidImpl(CONID)
        PsiElement(HaskellTokenType.conidRegexp)('Layout00013')
    PsiElement(HaskellTokenType.where)('where')
  HaskellBodyImpl(BODY)
    HaskellTypedeclImpl(TYPEDECL)
      PsiElement(HaskellTokenType.type)('type')
      PsiElement(HaskellTokenType.family)('family')
      HaskellTypeeImpl(TYPEE)
        HaskellAtypeImpl(ATYPE)
          HaskellOqtyconImpl(OQTYCON)
            HaskellQtyconImpl(QTYCON)
              HaskellTyconImpl(TYCON)
                HaskellConidImpl(CONID)
                  PsiElement(HaskellTokenType.conidRegexp)('UnsignedRep')
        HaskellAtypeImpl(ATYPE)
          HaskellTyvarImpl(TYVAR)
            HaskellVaridImpl(VARID)
              PsiElement(HaskellTokenType.varidRegexp)('a')
    HaskellTypedeclImpl(TYPEDECL)
      PsiElement(HaskellTokenType.type)('type')
      PsiElement(HaskellTokenType.instance)('instance')
      HaskellTypeeImpl(TYPEE)
        HaskellAtypeImpl(ATYPE)
          HaskellOqtyconImpl(OQTYCON)
            HaskellQtyconImpl(QTYCON)
              HaskellTyconImpl(TYCON)
                HaskellConidImpl(CONID)
                  PsiElement(HaskellTokenType.conidRegexp)('UnsignedRep')
        HaskellAtypeImpl(ATYPE)
          HaskellOqtyconImpl(OQTYCON)
            HaskellQtyconImpl(QTYCON)
              HaskellTyconImpl(TYCON)
                HaskellConidImpl(CONID)
                  PsiElement(HaskellTokenType.conidRegexp)('Int8')
      PsiElement(HaskellTokenType.=)('=')
      HaskellTypeeImpl(TYPEE)
        HaskellAtypeImpl(ATYPE)
          HaskellOqtyconImpl(OQTYCON)
            HaskellQtyconImpl(QTYCON)
              HaskellTyconImpl(TYCON)
                HaskellConidImpl(CONID)
                  PsiElement(HaskellTokenType.conidRegexp)('Word8')