Haskell File
  HaskellModuledeclImpl(MODULEDECL)
    PsiElement(HaskellTokenType.module)('module')
    HaskellQconidImpl(QCONID)
      HaskellConidImpl(CONID)
        PsiElement(HaskellTokenType.conidRegexp)('Layout00011')
    PsiElement(HaskellTokenType.where)('where')
  HaskellBodyImpl(BODY)
    HaskellFunorpatdeclImpl(FUNORPATDECL)
      HaskellVaridImpl(VARID)
        PsiElement(HaskellTokenType.varidRegexp)('compileProg')
      HaskellVaridImpl(VARID)
        PsiElement(HaskellTokenType.varidRegexp)('env')
      HaskellVaridImpl(VARID)
        PsiElement(HaskellTokenType.varidRegexp)('loc')
      PsiElement(HaskellTokenType.()('(')
      HaskellPatImpl(PAT)
        HaskellQconImpl(QCON)
          HaskellQconidImpl(QCONID)
            HaskellConidImpl(CONID)
              PsiElement(HaskellTokenType.conidRegexp)('In')
        PsiElement(HaskellTokenType.()('(')
        HaskellPatImpl(PAT)
          HaskellQconImpl(QCON)
            HaskellQconidImpl(QCONID)
              HaskellConidImpl(CONID)
                PsiElement(HaskellTokenType.conidRegexp)('App')
          HaskellQconImpl(QCON)
            HaskellQconidImpl(QCONID)
              HaskellModulePrefixImpl(MODULE_PREFIX)
                HaskellConidImpl(CONID)
                  PsiElement(HaskellTokenType.conidRegexp)('Ut')
                PsiElement(HaskellTokenType..)('.')
              HaskellConidImpl(CONID)
                PsiElement(HaskellTokenType.conidRegexp)('Switch')
          PsiElement(HaskellTokenType._)('_')
          PsiElement(HaskellTokenType.[)('[')
          HaskellPatImpl(PAT)
            HaskellVaridImpl(VARID)
              PsiElement(HaskellTokenType.varidRegexp)('tree')
            PsiElement(HaskellTokenType.@)('@')
            PsiElement(HaskellTokenType.()('(')
            HaskellPatImpl(PAT)
              HaskellQconImpl(QCON)
                HaskellQconidImpl(QCONID)
                  HaskellConidImpl(CONID)
                    PsiElement(HaskellTokenType.conidRegexp)('In')
              PsiElement(HaskellTokenType.()('(')
              HaskellPatImpl(PAT)
                HaskellQconImpl(QCON)
                  HaskellQconidImpl(QCONID)
                    HaskellConidImpl(CONID)
                      PsiElement(HaskellTokenType.conidRegexp)('App')
                HaskellQconImpl(QCON)
                  HaskellQconidImpl(QCONID)
                    HaskellModulePrefixImpl(MODULE_PREFIX)
                      HaskellConidImpl(CONID)
                        PsiElement(HaskellTokenType.conidRegexp)('Ut')
                      PsiElement(HaskellTokenType..)('.')
                    HaskellConidImpl(CONID)
                      PsiElement(HaskellTokenType.conidRegexp)('Condition')
                PsiElement(HaskellTokenType._)('_')
                PsiElement(HaskellTokenType.[)('[')
                HaskellPatImpl(PAT)
                  HaskellQconImpl(QCON)
                    HaskellQconidImpl(QCONID)
                      HaskellConidImpl(CONID)
                        PsiElement(HaskellTokenType.conidRegexp)('In')
                  PsiElement(HaskellTokenType.()('(')
                  HaskellPatImpl(PAT)
                    HaskellQconImpl(QCON)
                      HaskellQconidImpl(QCONID)
                        HaskellConidImpl(CONID)
                          PsiElement(HaskellTokenType.conidRegexp)('App')
                    HaskellQconImpl(QCON)
                      HaskellQconidImpl(QCONID)
                        HaskellModulePrefixImpl(MODULE_PREFIX)
                          HaskellConidImpl(CONID)
                            PsiElement(HaskellTokenType.conidRegexp)('Ut')
                          PsiElement(HaskellTokenType..)('.')
                        HaskellConidImpl(CONID)
                          PsiElement(HaskellTokenType.conidRegexp)('Equal')
                    PsiElement(HaskellTokenType._)('_')
                    PsiElement(HaskellTokenType.[)('[')
                    HaskellPatImpl(PAT)
                      PsiElement(HaskellTokenType._)('_')
                    PsiElement(HaskellTokenType.,)(',')
                    HaskellPatImpl(PAT)
                      HaskellVaridImpl(VARID)
                        PsiElement(HaskellTokenType.varidRegexp)('s')
                    PsiElement(HaskellTokenType.])(']')
                  PsiElement(HaskellTokenType.))(')')
                PsiElement(HaskellTokenType.,)(',')
                HaskellPatImpl(PAT)
                  PsiElement(HaskellTokenType._)('_')
                PsiElement(HaskellTokenType.,)(',')
                HaskellPatImpl(PAT)
                  PsiElement(HaskellTokenType._)('_')
                PsiElement(HaskellTokenType.])(']')
              PsiElement(HaskellTokenType.))(')')
            PsiElement(HaskellTokenType.))(')')
          PsiElement(HaskellTokenType.])(']')
        PsiElement(HaskellTokenType.))(')')
      PsiElement(HaskellTokenType.))(')')
      HaskellRhsImpl(RHS)
        PsiElement(HaskellTokenType.=)('=')
        HaskellExpImpl(EXP)
          PsiElement(HaskellTokenType.do)('do')
          HaskellStmtsImpl(STMTS)
            HaskellPatImpl(PAT)
              HaskellVaridImpl(VARID)
                PsiElement(HaskellTokenType.varidRegexp)('scrutinee')
            PsiElement(HaskellTokenType.<-)('<-')
            HaskellExpImpl(EXP)
              HaskellQvarImpl(QVAR)
                HaskellQvaridImpl(QVARID)
                  HaskellVaridImpl(VARID)
                    PsiElement(HaskellTokenType.varidRegexp)('compileExpr')
              HaskellQvarImpl(QVAR)
                HaskellQvaridImpl(QVARID)
                  HaskellVaridImpl(VARID)
                    PsiElement(HaskellTokenType.varidRegexp)('env')
              HaskellQvarImpl(QVAR)
                HaskellQvaridImpl(QVARID)
                  HaskellVaridImpl(VARID)
                    PsiElement(HaskellTokenType.varidRegexp)('s')
            HaskellPatImpl(PAT)
              HaskellVaridImpl(VARID)
                PsiElement(HaskellTokenType.varidRegexp)('alts')
            PsiElement(HaskellTokenType.<-)('<-')
            HaskellExpImpl(EXP)
              HaskellQvarImpl(QVAR)
                HaskellQvaridImpl(QVARID)
                  HaskellVaridImpl(VARID)
                    PsiElement(HaskellTokenType.varidRegexp)('chaseTree')
              HaskellQvarImpl(QVAR)
                HaskellQvaridImpl(QVARID)
                  HaskellVaridImpl(VARID)
                    PsiElement(HaskellTokenType.varidRegexp)('env')
              HaskellQvarImpl(QVAR)
                HaskellQvaridImpl(QVARID)
                  HaskellVaridImpl(VARID)
                    PsiElement(HaskellTokenType.varidRegexp)('loc')
              HaskellQvarImpl(QVAR)
                HaskellQvaridImpl(QVARID)
                  HaskellVaridImpl(VARID)
                    PsiElement(HaskellTokenType.varidRegexp)('s')
              HaskellQvarImpl(QVAR)
                HaskellQvaridImpl(QVARID)
                  HaskellVaridImpl(VARID)
                    PsiElement(HaskellTokenType.varidRegexp)('tree')
            HaskellExpImpl(EXP)
              HaskellQvarImpl(QVAR)
                HaskellQvaridImpl(QVARID)
                  HaskellVaridImpl(VARID)
                    PsiElement(HaskellTokenType.varidRegexp)('tellProg')
              PsiElement(HaskellTokenType.[)('[')
              HaskellExpImpl(EXP)
                HaskellQconImpl(QCON)
                  HaskellQconidImpl(QCONID)
                    HaskellConidImpl(CONID)
                      PsiElement(HaskellTokenType.conidRegexp)('Switch')
                PsiElement(HaskellTokenType.{)('{')
                PsiElement(HaskellTokenType...)('..')
                PsiElement(HaskellTokenType.})('}')
              PsiElement(HaskellTokenType.])(']')