Haskell File
  HaskellModuledeclImpl(MODULEDECL)
    PsiElement(HaskellTokenType.module)('module')
    HaskellQconidImpl(QCONID)
      HaskellConidImpl(CONID)
        PsiElement(HaskellTokenType.conidRegexp)('Module00001')
    HaskellExportsemptyImpl(EXPORTSEMPTY)
      PsiElement(HaskellTokenType.conidRegexp)('()')
    PsiElement(HaskellTokenType.where)('where')
  PsiComment(HaskellTokenType.comment)('-- Parse an empty export list.')
  HaskellBodyImpl(BODY)
    <empty list>