Cabal File
  KEY_OR_CONFIG
    CONFIG
      LIBRARY
        PsiElement(LIBRARY)('library')
        BUILD_INFORMATION
          PsiElement(CabalTokenType.ld-options)('ld-options')
          PsiElement(CabalTokenType.:)(':')
          VARID
            PsiElement(CabalTokenType.varidRegexp)('duif')