Cabal File
  KEY_OR_CONFIG
    CONFIG
      LIBRARY
        PsiElement(LIBRARY)('library')
        LIBRARY_KEYS
          BUILD_INFORMATION
            PsiElement(CabalTokenType.js-sources)('js-sources')
            PsiElement(CabalTokenType.:)(':')
            FILE_NAME
              PsiElement(CabalTokenType.varidRegexp)('onejs')
            PsiElement(CabalTokenType.,)(',')
            FILE_NAME
              PsiElement(CabalTokenType.varidRegexp)('twojs')
  KEY_OR_CONFIG
    KEY
      PsiElement(CabalTokenType.name)('name')
      PsiElement(CabalTokenType.:)(':')
      VARID
        PsiElement(CabalTokenType.varidRegexp)('koekoek')