Haskell File
  HaskellPpragmaImpl(PPRAGMA)
    PsiElement(HaskellTokenType.{-#)('{-#')
    PsiElement(HaskellTokenType.PRAGMA)('LANGUAGE')
    PsiElement(HaskellTokenType.PRAGMA)('QuasiQuotes')
    PsiElement(HaskellTokenType.#-})('#-}')
  HaskellModuledeclImpl(MODULEDECL)
    PsiElement(HaskellTokenType.module)('module')
    HaskellQconidImpl(QCONID)
      HaskellConidImpl(CONID)
        PsiElement(HaskellTokenType.conidRegexp)('TempHask00003')
    PsiElement(HaskellTokenType.where)('where')
  HaskellBodyImpl(BODY)
    HaskellGendeclImpl(GENDECL)
      HaskellVarsImpl(VARS)
        HaskellVaridImpl(VARID)
          PsiElement(HaskellTokenType.varidRegexp)('str')
      PsiElement(HaskellTokenType.::)('::')
      HaskellCtypeImpl(CTYPE)
        HaskellTypeeImpl(TYPEE)
          HaskellAtypeImpl(ATYPE)
            HaskellOqtyconImpl(OQTYCON)
              HaskellQtyconImpl(QTYCON)
                HaskellTyconImpl(TYCON)
                  HaskellConidImpl(CONID)
                    PsiElement(HaskellTokenType.conidRegexp)('String')
    HaskellFunorpatdeclImpl(FUNORPATDECL)
      HaskellPatImpl(PAT)
        HaskellVaridImpl(VARID)
          PsiElement(HaskellTokenType.varidRegexp)('str')
      HaskellRhsImpl(RHS)
        PsiElement(HaskellTokenType.=)('=')
        HaskellExpImpl(EXP)
          PsiElement(HaskellTokenType.Quasi-[)('[')
          HaskellQvaridImpl(QVARID)
            HaskellVaridImpl(VARID)
              PsiElement(HaskellTokenType.varidRegexp)('here')
          PsiElement(HaskellTokenType.|)('|')
          PsiElement(HaskellTokenType.Quasi-stuff)('test\ntest\ntest test ')
          PsiElement(HaskellTokenType.|])('|]')