Haskell File
  HaskellPpragmaImpl(PPRAGMA)
    PsiElement(HaskellTokenType.{-#)('{-#')
    PsiElement(HaskellTokenType.PRAGMA)(' LANGUAGE QuasiQuotes ')
    PsiElement(HaskellTokenType.#-})('#-}')
  HaskellModuledeclImpl(MODULEDECL)
    PsiElement(HaskellTokenType.module)('module')
    HaskellQconidImpl(QCONID)
      HaskellConidImpl(CONID)
        PsiElement(HaskellTokenType.conidRegexp)('TempHask00004')
    PsiElement(HaskellTokenType.where)('where')
  HaskellBodyImpl(BODY)
    HaskellQvarImpl(QVAR)
      HaskellQvaridImpl(QVARID)
        HaskellVaridImpl(VARID)
          PsiElement(HaskellTokenType.varidRegexp)('mkYesod')
    HaskellPstringtokenImpl(PSTRINGTOKEN)
      PsiElement(HaskellTokenType.")('"')
      PsiElement(HaskellTokenType.STRINGTOKEN)('HelloWorld')
      PsiElement(HaskellTokenType.")('"')
    PsiElement(HaskellTokenType.Quasi-[)('[')
    HaskellQvaridImpl(QVARID)
      HaskellVaridImpl(VARID)
        PsiElement(HaskellTokenType.varidRegexp)('parseRoutes')
    PsiElement(HaskellTokenType.|)('|')
    PsiElement(HaskellTokenType.Quasi-stuff)('\n/ HomeR GET\n')
    PsiElement(HaskellTokenType.|])('|]')