Haskell File
  HaskellPpragmaImpl(PPRAGMA)
    PsiElement(HaskellTokenType.{-#)('{-#')
    PsiElement(HaskellTokenType.PRAGMA)(' LANGUAGE FlexibleInstances ')
    PsiElement(HaskellTokenType.#-})('#-}')
  HaskellPpragmaImpl(PPRAGMA)
    PsiElement(HaskellTokenType.{-#)('{-#')
    PsiElement(HaskellTokenType.PRAGMA)(' LANGUAGE QuasiQuotes       ')
    PsiElement(HaskellTokenType.#-})('#-}')
  HaskellPpragmaImpl(PPRAGMA)
    PsiElement(HaskellTokenType.{-#)('{-#')
    PsiElement(HaskellTokenType.PRAGMA)(' LANGUAGE TemplateHaskell   ')
    PsiElement(HaskellTokenType.#-})('#-}')
  PsiElement(HaskellTokenType.module)('module')
  HaskellQconidImpl(QCONID)
    PsiElement(HaskellTokenType.conid)('TempHask00002')
  PsiElement(HaskellTokenType.where)('where')
  HaskellBodyImpl(BODY)
    HaskellSpecialImpl(SPECIAL)
      PsiElement(HaskellTokenType.[)('[')
    HaskellQvaridImpl(QVARID)
      HaskellVaridImpl(VARID)
        PsiElement(HaskellTokenType.varidRegexp)('undefined')
    HaskellReservedopImpl(RESERVEDOP)
      PsiElement(HaskellTokenType.|)('|')
    HaskellQvaridImpl(QVARID)
      HaskellVaridImpl(VARID)
        PsiElement(HaskellTokenType.varidRegexp)('something')
    HaskellQvaridImpl(QVARID)
      HaskellVaridImpl(VARID)
        PsiElement(HaskellTokenType.varidRegexp)('here')
    HaskellPstringtokenImpl(PSTRINGTOKEN)
      PsiElement(HaskellTokenType.")('"')
      PsiElement(HaskellTokenType.STRINGTOKEN)('hello world')
      PsiElement(HaskellTokenType.")('"')
    HaskellReservedopImpl(RESERVEDOP)
      PsiElement(HaskellTokenType.|)('|')
    HaskellSpecialImpl(SPECIAL)
      PsiElement(HaskellTokenType.])(']')
    HaskellSpecialImpl(SPECIAL)
      PsiElement(HaskellTokenType.[)('[')
    HaskellReservedopImpl(RESERVEDOP)
      PsiElement(HaskellTokenType.|)('|')
    PsiElement(HaskellTokenType.integertoken)('7')
    HaskellReservedopImpl(RESERVEDOP)
      PsiElement(HaskellTokenType.|)('|')
    HaskellSpecialImpl(SPECIAL)
      PsiElement(HaskellTokenType.])(']')
    HaskellSpecialImpl(SPECIAL)
      PsiElement(HaskellTokenType.[)('[')
    HaskellQvaridImpl(QVARID)
      HaskellVaridImpl(VARID)
        PsiElement(HaskellTokenType.varidRegexp)('d')
    HaskellReservedopImpl(RESERVEDOP)
      PsiElement(HaskellTokenType.|)('|')
    PsiElement(HaskellTokenType.integertoken)('7')
    HaskellReservedopImpl(RESERVEDOP)
      PsiElement(HaskellTokenType.|)('|')
    HaskellSpecialImpl(SPECIAL)
      PsiElement(HaskellTokenType.])(']')
    HaskellSpecialImpl(SPECIAL)
      PsiElement(HaskellTokenType.[)('[')
    HaskellQvaridImpl(QVARID)
      HaskellVaridImpl(VARID)
        PsiElement(HaskellTokenType.varidRegexp)('t')
    HaskellReservedopImpl(RESERVEDOP)
      PsiElement(HaskellTokenType.|)('|')
    HaskellQconidImpl(QCONID)
      PsiElement(HaskellTokenType.conid)('Int')
    HaskellReservedopImpl(RESERVEDOP)
      PsiElement(HaskellTokenType.|)('|')
    HaskellSpecialImpl(SPECIAL)
      PsiElement(HaskellTokenType.])(']')
    HaskellSpecialImpl(SPECIAL)
      PsiElement(HaskellTokenType.[)('[')
    HaskellQvaridImpl(QVARID)
      HaskellVaridImpl(VARID)
        PsiElement(HaskellTokenType.varidRegexp)('p')
    HaskellReservedopImpl(RESERVEDOP)
      PsiElement(HaskellTokenType.|)('|')
    PsiElement(HaskellTokenType.integertoken)('7')
    HaskellReservedopImpl(RESERVEDOP)
      PsiElement(HaskellTokenType.|)('|')
    HaskellSpecialImpl(SPECIAL)
      PsiElement(HaskellTokenType.])(']')
    HaskellQvarsymImpl(QVARSYM)
      HaskellVarsymImpl(VARSYM)
        HaskellSymbolImpl(SYMBOL)
          PsiElement(HaskellTokenType.$)('$')
    HaskellSpecialImpl(SPECIAL)
      PsiElement(HaskellTokenType.()('(')
    HaskellQvaridImpl(QVARID)
      HaskellVaridImpl(VARID)
        PsiElement(HaskellTokenType.varidRegexp)('deriveStuff')
    PsiElement(HaskellTokenType.')(''')
    HaskellQvaridImpl(QVARID)
      HaskellVaridImpl(VARID)
        PsiElement(HaskellTokenType.varidRegexp)('f')
    HaskellSpecialImpl(SPECIAL)
      PsiElement(HaskellTokenType.))(')')
    HaskellQvaridImpl(QVARID)
      HaskellVaridImpl(VARID)
        PsiElement(HaskellTokenType.varidRegexp)('m')
    HaskellReservedopImpl(RESERVEDOP)
      PsiElement(HaskellTokenType.=)('=')
    HaskellQvarsymImpl(QVARSYM)
      HaskellVarsymImpl(VARSYM)
        HaskellSymbolImpl(SYMBOL)
          PsiElement(HaskellTokenType.$)('$')
    HaskellQvaridImpl(QVARID)
      HaskellVaridImpl(VARID)
        PsiElement(HaskellTokenType.varidRegexp)('x')
    HaskellSpecialImpl(SPECIAL)
      PsiElement(HaskellTokenType.'')('''')
    HaskellQconidImpl(QCONID)
      PsiElement(HaskellTokenType.conid)('T')
    HaskellQvaridImpl(QVARID)
      HaskellVaridImpl(VARID)
        PsiElement(HaskellTokenType.varidRegexp)('f')
    HaskellQvaridImpl(QVARID)
      HaskellVaridImpl(VARID)
        PsiElement(HaskellTokenType.varidRegexp)('n')
    HaskellReservedopImpl(RESERVEDOP)
      PsiElement(HaskellTokenType.=)('=')
    HaskellReservedopImpl(RESERVEDOP)
      PsiElement(HaskellTokenType.\)('\')
    HaskellSpecialImpl(SPECIAL)
      PsiElement(HaskellTokenType.[)('[')
    HaskellQvaridImpl(QVARID)
      HaskellVaridImpl(VARID)
        PsiElement(HaskellTokenType.varidRegexp)('haskell')
    HaskellReservedopImpl(RESERVEDOP)
      PsiElement(HaskellTokenType.|)('|')
    HaskellQvaridImpl(QVARID)
      HaskellVaridImpl(VARID)
        PsiElement(HaskellTokenType.varidRegexp)('y')
    HaskellReservedopImpl(RESERVEDOP)
      PsiElement(HaskellTokenType.|)('|')
    HaskellSpecialImpl(SPECIAL)
      PsiElement(HaskellTokenType.])(']')
    HaskellReservedopImpl(RESERVEDOP)
      PsiElement(HaskellTokenType.->)('->')
    HaskellQvaridImpl(QVARID)
      HaskellVaridImpl(VARID)
        PsiElement(HaskellTokenType.varidRegexp)('y')
    HaskellQvarsymImpl(QVARSYM)
      HaskellVarsymImpl(VARSYM)
        HaskellSymbolImpl(SYMBOL)
          PsiElement(HaskellTokenType.+)('+')
    HaskellQvaridImpl(QVARID)
      HaskellVaridImpl(VARID)
        PsiElement(HaskellTokenType.varidRegexp)('n')