Haskell File
  HaskellModuledeclImpl(MODULEDECL)
    PsiElement(HaskellTokenType.module)('module')
    HaskellQconidImpl(QCONID)
      HaskellConidImpl(CONID)
        PsiElement(HaskellTokenType.conidRegexp)('Type00002')
    PsiElement(HaskellTokenType.where)('where')
  HaskellBodyImpl(BODY)
    HaskellNewtypedeclImpl(NEWTYPEDECL)
      PsiElement(HaskellTokenType.newtype)('newtype')
      HaskellTyconImpl(TYCON)
        HaskellConidImpl(CONID)
          PsiElement(HaskellTokenType.conidRegexp)('GhcModT')
      HaskellTyvarImpl(TYVAR)
        HaskellVaridImpl(VARID)
          PsiElement(HaskellTokenType.varidRegexp)('m')
      HaskellTyvarImpl(TYVAR)
        HaskellVaridImpl(VARID)
          PsiElement(HaskellTokenType.varidRegexp)('a')
      PsiElement(HaskellTokenType.=)('=')
      HaskellNewconstrImpl(NEWCONSTR)
        HaskellConImpl(CON)
          HaskellConidImpl(CONID)
            PsiElement(HaskellTokenType.conidRegexp)('GhcModT')
        HaskellAtypeImpl(ATYPE)
          PsiElement(HaskellTokenType.{)('{')
          HaskellVarsImpl(VARS)
            HaskellVaridImpl(VARID)
              PsiElement(HaskellTokenType.varidRegexp)('unGhcModT')
          PsiElement(HaskellTokenType.::)('::')
          HaskellTypeeImpl(TYPEE)
            HaskellAtypeImpl(ATYPE)
              HaskellOqtyconImpl(OQTYCON)
                HaskellQtyconImpl(QTYCON)
                  HaskellTyconImpl(TYCON)
                    HaskellConidImpl(CONID)
                      PsiElement(HaskellTokenType.conidRegexp)('StateT')
            HaskellAtypeImpl(ATYPE)
              HaskellOqtyconImpl(OQTYCON)
                HaskellQtyconImpl(QTYCON)
                  HaskellTyconImpl(TYCON)
                    HaskellConidImpl(CONID)
                      PsiElement(HaskellTokenType.conidRegexp)('GhcModState')
            HaskellAtypeImpl(ATYPE)
              PsiElement(HaskellTokenType.()('(')
              HaskellCtypeImpl(CTYPE)
                HaskellTypeeImpl(TYPEE)
                  HaskellAtypeImpl(ATYPE)
                    HaskellOqtyconImpl(OQTYCON)
                      HaskellQtyconImpl(QTYCON)
                        HaskellTyconImpl(TYCON)
                          HaskellConidImpl(CONID)
                            PsiElement(HaskellTokenType.conidRegexp)('ErrorT')
                  HaskellAtypeImpl(ATYPE)
                    HaskellOqtyconImpl(OQTYCON)
                      HaskellQtyconImpl(QTYCON)
                        HaskellTyconImpl(TYCON)
                          HaskellConidImpl(CONID)
                            PsiElement(HaskellTokenType.conidRegexp)('GhcModError')
                  HaskellAtypeImpl(ATYPE)
                    PsiElement(HaskellTokenType.()('(')
                    HaskellCtypeImpl(CTYPE)
                      HaskellTypeeImpl(TYPEE)
                        HaskellAtypeImpl(ATYPE)
                          HaskellOqtyconImpl(OQTYCON)
                            HaskellQtyconImpl(QTYCON)
                              HaskellTyconImpl(TYCON)
                                HaskellConidImpl(CONID)
                                  PsiElement(HaskellTokenType.conidRegexp)('JournalT')
                        HaskellAtypeImpl(ATYPE)
                          HaskellOqtyconImpl(OQTYCON)
                            HaskellQtyconImpl(QTYCON)
                              HaskellTyconImpl(TYCON)
                                HaskellConidImpl(CONID)
                                  PsiElement(HaskellTokenType.conidRegexp)('GhcModLog')
                        HaskellAtypeImpl(ATYPE)
                          PsiElement(HaskellTokenType.()('(')
                          HaskellCtypeImpl(CTYPE)
                            HaskellTypeeImpl(TYPEE)
                              HaskellAtypeImpl(ATYPE)
                                HaskellOqtyconImpl(OQTYCON)
                                  HaskellQtyconImpl(QTYCON)
                                    HaskellTyconImpl(TYCON)
                                      HaskellConidImpl(CONID)
                                        PsiElement(HaskellTokenType.conidRegexp)('ReaderT')
                              HaskellAtypeImpl(ATYPE)
                                HaskellOqtyconImpl(OQTYCON)
                                  HaskellQtyconImpl(QTYCON)
                                    HaskellTyconImpl(TYCON)
                                      HaskellConidImpl(CONID)
                                        PsiElement(HaskellTokenType.conidRegexp)('GhcModEnv')
                              HaskellAtypeImpl(ATYPE)
                                HaskellTyvarImpl(TYVAR)
                                  HaskellVaridImpl(VARID)
                                    PsiElement(HaskellTokenType.varidRegexp)('m')
                          PsiElement(HaskellTokenType.))(')')
                    PsiElement(HaskellTokenType.))(')')
              PsiElement(HaskellTokenType.))(')')
            HaskellAtypeImpl(ATYPE)
              HaskellTyvarImpl(TYVAR)
                HaskellVaridImpl(VARID)
                  PsiElement(HaskellTokenType.varidRegexp)('a')
          PsiElement(HaskellTokenType.})('}')
      PsiElement(HaskellTokenType.deriving)('deriving')
      PsiElement(HaskellTokenType.()('(')
      HaskellQtyclsImpl(QTYCLS)
        HaskellTyclsImpl(TYCLS)
          HaskellConidImpl(CONID)
            PsiElement(HaskellTokenType.conidRegexp)('Functor')
      PsiElement(HaskellTokenType.,)(',')
      HaskellQtyclsImpl(QTYCLS)
        HaskellTyclsImpl(TYCLS)
          HaskellConidImpl(CONID)
            PsiElement(HaskellTokenType.conidRegexp)('Applicative')
      PsiElement(HaskellTokenType.,)(',')
      HaskellQtyclsImpl(QTYCLS)
        HaskellTyclsImpl(TYCLS)
          HaskellConidImpl(CONID)
            PsiElement(HaskellTokenType.conidRegexp)('Alternative')
      PsiElement(HaskellTokenType.,)(',')
      HaskellQtyclsImpl(QTYCLS)
        HaskellTyclsImpl(TYCLS)
          HaskellConidImpl(CONID)
            PsiElement(HaskellTokenType.conidRegexp)('Monad')
      PsiElement(HaskellTokenType.,)(',')
      HaskellQtyclsImpl(QTYCLS)
        HaskellTyclsImpl(TYCLS)
          HaskellConidImpl(CONID)
            PsiElement(HaskellTokenType.conidRegexp)('MonadPlus')
      PsiElement(HaskellTokenType.,)(',')
      HaskellQtyclsImpl(QTYCLS)
        HaskellTyclsImpl(TYCLS)
          HaskellConidImpl(CONID)
            PsiElement(HaskellTokenType.conidRegexp)('MonadIO')
      PsiComment(HaskellTokenType.CPPIF)('#if DIFFERENT_MONADIO')
      PsiElement(HaskellTokenType.,)(',')
      HaskellQtyclsImpl(QTYCLS)
        HaskellModulePrefixImpl(MODULE_PREFIX)
          HaskellConidImpl(CONID)
            PsiElement(HaskellTokenType.conidRegexp)('Control')
          PsiElement(HaskellTokenType..)('.')
          HaskellConidImpl(CONID)
            PsiElement(HaskellTokenType.conidRegexp)('Monad')
          PsiElement(HaskellTokenType..)('.')
          HaskellConidImpl(CONID)
            PsiElement(HaskellTokenType.conidRegexp)('IO')
          PsiElement(HaskellTokenType..)('.')
          HaskellConidImpl(CONID)
            PsiElement(HaskellTokenType.conidRegexp)('Class')
          PsiElement(HaskellTokenType..)('.')
        HaskellTyclsImpl(TYCLS)
          HaskellConidImpl(CONID)
            PsiElement(HaskellTokenType.conidRegexp)('MonadIO')
      PsiComment(HaskellTokenType.#endif)('#endif')
      PsiElement(HaskellTokenType.,)(',')
      HaskellQtyclsImpl(QTYCLS)
        HaskellTyclsImpl(TYCLS)
          HaskellConidImpl(CONID)
            PsiElement(HaskellTokenType.conidRegexp)('MonadReader')
      HaskellQtyclsImpl(QTYCLS)
        HaskellTyclsImpl(TYCLS)
          HaskellConidImpl(CONID)
            PsiElement(HaskellTokenType.conidRegexp)('GhcModEnv')
      PsiComment(HaskellTokenType.comment)('-- TODO: make MonadReader instance\n')
      PsiComment(HaskellTokenType.comment)('-- pass-through like MonadState\n')
      PsiElement(HaskellTokenType.,)(',')
      HaskellQtyclsImpl(QTYCLS)
        HaskellTyclsImpl(TYCLS)
          HaskellConidImpl(CONID)
            PsiElement(HaskellTokenType.conidRegexp)('MonadWriter')
      HaskellTyvarImpl(TYVAR)
        HaskellVaridImpl(VARID)
          PsiElement(HaskellTokenType.varidRegexp)('w')
      PsiElement(HaskellTokenType.,)(',')
      HaskellQtyclsImpl(QTYCLS)
        HaskellTyclsImpl(TYCLS)
          HaskellConidImpl(CONID)
            PsiElement(HaskellTokenType.conidRegexp)('MonadError')
      HaskellQtyclsImpl(QTYCLS)
        HaskellTyclsImpl(TYCLS)
          HaskellConidImpl(CONID)
            PsiElement(HaskellTokenType.conidRegexp)('GhcModError')
      PsiElement(HaskellTokenType.))(')')