Haskell File
  HaskellModuledeclImpl(MODULEDECL)
    PsiElement(HaskellTokenType.module)('module')
    HaskellQconidImpl(QCONID)
      HaskellConidImpl(CONID)
        PsiElement(HaskellTokenType.conidRegexp)('Var00001')
    PsiElement(HaskellTokenType.where)('where')
  PsiComment(HaskellTokenType.comment)('-- Believe it or not, this is valid!\n')
  HaskellBodyImpl(BODY)
    HaskellFunorpatdeclImpl(FUNORPATDECL)
      HaskellPatImpl(PAT)
        HaskellVaridImpl(VARID)
          PsiElement(HaskellTokenType.qualified)('qualified')
      HaskellRhsImpl(RHS)
        PsiElement(HaskellTokenType.=)('=')
        HaskellExpImpl(EXP)
          HaskellQconImpl(QCON)
            HaskellQconidImpl(QCONID)
              HaskellConidImpl(CONID)
                PsiElement(HaskellTokenType.conidRegexp)('True')