Cabal File
  KEY_OR_CONFIG
    KEY
      PsiElement(CabalTokenType.version)('version')
      PsiElement(CabalTokenType.:)(':')
      VERSION
        NUMBER
          PsiElement(CabalTokenType.numberRegexp)('1')
        PsiElement(CabalTokenType..)('.')
        NUMBER
          PsiElement(CabalTokenType.numberRegexp)('7')
        PsiElement(CabalTokenType..)('.')
        NUMBER
          PsiElement(CabalTokenType.numberRegexp)('8')