HaskellTokenType.module ('module')
WHITE_SPACE (' ')
HaskellTokenType.conid ('FFI00001')
WHITE_SPACE (' ')
HaskellTokenType.where ('where')
WHITE_SPACE ('\n\n')
HaskellTokenType.foreign ('foreign')
WHITE_SPACE (' ')
HaskellTokenType.import ('import')
WHITE_SPACE (' ')
HaskellTokenType.varidRegexp ('ccall')
WHITE_SPACE (' ')
HaskellTokenType.varidRegexp ('unsafe')
WHITE_SPACE (' ')
HaskellTokenType." ('"')
HaskellTokenType.STRINGTOKEN ('wool-common.h wool_init')
HaskellTokenType." ('"')
WHITE_SPACE (' ')
HaskellTokenType.varidRegexp ('initWool')
WHITE_SPACE (' ')
HaskellTokenType.:: ('::')
WHITE_SPACE (' ')
HaskellTokenType.conid ('CInt')
WHITE_SPACE (' ')
HaskellTokenType.-> ('->')
WHITE_SPACE (' ')
HaskellTokenType.conid ('Ptr')
WHITE_SPACE (' ')
HaskellTokenType.conid ('CString')
WHITE_SPACE (' ')
HaskellTokenType.-> ('->')
WHITE_SPACE (' ')
HaskellTokenType.conid ('IO')
WHITE_SPACE (' ')
HaskellTokenType.conid ('CInt')