HaskellTokenType.{-# ('{-#')
HaskellTokenType.PRAGMA (' LANGUAGE GADTs ')
HaskellTokenType.#-} ('#-}')
WHITE_SPACE ('\n')
HaskellTokenType.module ('module')
WHITE_SPACE (' ')
HaskellTokenType.conid ('Fun00001')
WHITE_SPACE (' ')
HaskellTokenType.where ('where')
WHITE_SPACE ('\n\n')
HaskellTokenType.data ('data')
WHITE_SPACE (' ')
HaskellTokenType.conid ('Maybe')
WHITE_SPACE (' ')
HaskellTokenType.varidRegexp ('a')
WHITE_SPACE (' ')
HaskellTokenType.= ('=')
WHITE_SPACE (' ')
HaskellTokenType.conid ('Nothing')
WHITE_SPACE (' ')
HaskellTokenType.| ('|')
WHITE_SPACE (' ')
HaskellTokenType.conid ('Just')
WHITE_SPACE (' ')
HaskellTokenType.varidRegexp ('a')
WHITE_SPACE ('\n\n')
HaskellTokenType.type ('type')
WHITE_SPACE (' ')
HaskellTokenType.conid ('Perhaps')
WHITE_SPACE (' ')
HaskellTokenType.varidRegexp ('a')
WHITE_SPACE (' ')
HaskellTokenType.= ('=')
WHITE_SPACE (' ')
HaskellTokenType.conid ('Maybe')
WHITE_SPACE (' ')
HaskellTokenType.varidRegexp ('a')