HaskellTokenType.module ('module')
WHITE_SPACE (' ')
HaskellTokenType.conidRegexp ('Lambda1')
WHITE_SPACE (' ')
HaskellTokenType.where ('where')
WHITE_SPACE ('\n\n')
HaskellTokenType.varidRegexp ('zip'')
WHITE_SPACE (' ')
VARSYM ('=')
WHITE_SPACE (' ')
HaskellTokenType.varidRegexp ('zipWith')
WHITE_SPACE (' ')
HaskellTokenType.( ('(')
VARSYM ('\')
HaskellTokenType.varidRegexp ('a')
WHITE_SPACE (' ')
HaskellTokenType.varidRegexp ('b')
WHITE_SPACE (' ')
HaskellTokenType.-> ('->')
WHITE_SPACE (' ')
HaskellTokenType.( ('(')
HaskellTokenType.varidRegexp ('a')
HaskellTokenType., (',')
HaskellTokenType.varidRegexp ('b')
HaskellTokenType.) (')')
HaskellTokenType.) (')')