HaskellTokenType.module ('module')
WHITE_SPACE (' ')
HaskellTokenType.conidRegexp ('Module00001')
WHITE_SPACE (' ')
HaskellTokenType.( ('(')
HaskellTokenType.) (')')
WHITE_SPACE (' ')
HaskellTokenType.where ('where')
WHITE_SPACE ('\n\n')
HaskellTokenType.Varsym ('--')
WHITE_SPACE (' ')
HaskellTokenType.conidRegexp ('Parse')
WHITE_SPACE (' ')
HaskellTokenType.varidRegexp ('an')
WHITE_SPACE (' ')
HaskellTokenType.varidRegexp ('empty')
WHITE_SPACE (' ')
HaskellTokenType.export ('export')
WHITE_SPACE (' ')
HaskellTokenType.varidRegexp ('list.')