HaskellTokenType.module ('module')
WHITE_SPACE (' ')
HaskellTokenType.conid ('Pragma00004')
WHITE_SPACE ('  ')
HaskellTokenType.{-# ('{-#')
HaskellTokenType.PRAGMA (' WARNING "This is an unstable interface." ')
HaskellTokenType.#-} ('#-}')
WHITE_SPACE (' ')
HaskellTokenType.where ('where')