HaskellTokenType.module ('module')
WHITE_SPACE (' ')
HaskellTokenType.conid ('String00001')
WHITE_SPACE (' ')
HaskellTokenType.where ('where')
WHITE_SPACE ('\n\n')
HaskellTokenType.varidRegexp ('s')
WHITE_SPACE (' ')
HaskellTokenType.= ('=')
WHITE_SPACE (' ')
HaskellTokenType.stringtoken ('"There's trailing spaces after this backslash \  \n    \Trust me, they're there!"')