Cabal File
  PsiElement(LIBRARY)('Library')
  PsiElement(CabalTokenType.exposed-modules)('Exposed-Modules')
  PsiElement(CabalTokenType.:)(':')
  PsiElement(CabalTokenType.varidRegexp)('Network')
  PsiElement(CabalTokenType..)('.')
  PsiElement(CabalTokenType.varidRegexp)('Arakoon')
  PsiElement(CabalTokenType..)('.')
  PsiElement(CabalTokenType.varidRegexp)('Client')
  PsiElement(CabalTokenType.other-modules)('Other-Modules')
  PsiElement(CabalTokenType.:)(':')
  PsiElement(CabalTokenType.varidRegexp)('Network')
  PsiElement(CabalTokenType..)('.')
  PsiElement(CabalTokenType.varidRegexp)('Arakoon')
  PsiElement(CabalTokenType..)('.')
  PsiElement(CabalTokenType.varidRegexp)('Types')
